  401380     4491 Code                ABBROWSE_TEXT
  405814     112F Code                ABEIP_TEXT
  406944     28B4 Code                ABERROR_TEXT
  4091F8     5D43 Code                ABFILE_TEXT
  40EF3C      159 Code                ABFUZZY_TEXT
  40F098     21CC Code                ABPOPUP_TEXT
  411264     27F6 Code                ABQUERY_TEXT
  413A5C     1D40 Code                ABRESIZE_TEXT
  41579C      8C2 Code                ABTOOLBA_TEXT
  416060     2B0D Code                ABUTIL_TEXT
  418B70     1DFA Code                ABWINDOW_TEXT
  41A96C      4CA Code                COFFEE001_TEXT
  41AE38      70A Code                COFFEE002_TEXT
  41B544      763 Code                COFFEE003_TEXT
  41BCA8      236 Code                COFFEE_BC0_TEXT
  41BEE0       13 Code                COFFEE_BC_TEXT
  41BEF4       B0 Code                COFFEE_TEXT
  41BFA4       80 Code                CWSYNCHC_TEXT
  41C024       23 Code                IEXE32_TEXT
  41C048      2C2 Code                INIT_TEXT
  41C30C       37 Code                INST00_TEXT
  41D000     1290 Initialized Data    $DEFAULTERRORS_DATA
  41E290      101 Initialized Data    ABBROWSE_CONST
  41E394      9C0 Initialized Data    ABBROWSE_DATA
  41ED54       23 Initialized Data    ABEIP_CONST
  41ED78       B4 Initialized Data    ABEIP_DATA
  41EE2C      16F Initialized Data    ABERROR_CONST
  41EF9C      AA4 Initialized Data    ABERROR_DATA
  41FA40       81 Initialized Data    ABFILE_CONST
  41FAC4      3E1 Initialized Data    ABFILE_DATA
  41FEA8       B4 Initialized Data    ABFUZZY_DATA
  41FF5C       2D Initialized Data    ABPOPUP_CONST
  41FF8C      128 Initialized Data    ABPOPUP_DATA
  4200B4       E2 Initialized Data    ABQUERY_CONST
  420198       87 Initialized Data    ABQUERY_DATA
  420220       30 Initialized Data    ABRESIZE_CONST
  420250      23F Initialized Data    ABRESIZE_DATA
  420490      390 Initialized Data    ABTOOLBA_DATA
  420820       71 Initialized Data    ABUTIL_CONST
  420894      261 Initialized Data    ABUTIL_DATA
  420AF8       9B Initialized Data    ABWINDOW_DATA
  420B94       3C Initialized Data    COFFEE001_CONST
  420BD0      28C Initialized Data    COFFEE001_DATA
  420E5C       33 Initialized Data    COFFEE002_CONST
  420E90      92C Initialized Data    COFFEE002_DATA
  4217BC       5B Initialized Data    COFFEE003_CONST
  421818      3D0 Initialized Data    COFFEE003_DATA
  421BE8        9 Initialized Data    COFFEE_BC0_CONST
  421BF4      3E8 Initialized Data    COFFEE_BC0_DATA
  421FDC       30 Initialized Data    COFFEE_CONST
  42200C       6B Initialized Data    COFFEE_DATA
  422078       48 Initialized Data    CWSYNCHC_DATA
  4220C0       44 Initialized Data    IEXE32_DATA
  422104        0 Initialized Data    __CPPINI_CONS
  422104      214 Initialized Data    __CPPINI_CONST
  422318        4 Initialized Data    __CPPINI_END
  42231C        0 Initialized Data    __INIVMT_CONS
  42231C      100 Initialized Data    __INIVMT_CONST
  42241C        0 Initialized Data    __INIVMT_CONST_END
  422420     1623 Un-initialized Data $FUZZYMATCHER_BSS
  423A44       40 Un-initialized Data ABEIP_BSS
  423A84      404 Un-initialized Data ABERROR_BSS
  423E88       10 Un-initialized Data ABFILE_BSS
  423E98        4 Un-initialized Data ABFUZZY_BSS
  423E9C      104 Un-initialized Data ABUTIL_BSS
  423FA0      14C Un-initialized Data COFFEE_BSS
  425000        8 __T_L_S__DAT
  425008      124 __T_L_S__DATA
  42512C        0 __T_L_S__DATA_END
  425130        0 __T_L_S__BS
  425130     200C __T_L_S__BSS
  42713C        0 __T_L_S__BSS_END

  40199C KILL_@_WINDOWCOMPONENT_@_BROWSECLASS@F15WINDOWCOMPONENT
  4019AC RESET_@_WINDOWCOMPONENT_@_BROWSECLASS@F15WINDOWCOMPONENTUc
  4019C0 RESETREQUIRED_@_WINDOWCOMPONENT_@_BROWSECLASS@F15WINDOWCOMPONENT
  4019D0 SETALERTS_@_WINDOWCOMPONENT_@_BROWSECLASS@F15WINDOWCOMPONENT
  4019E4 TAKEEVENT_@_WINDOWCOMPONENT_@_BROWSECLASS@F15WINDOWCOMPONENT
  4019F8 UPDATE_@_WINDOWCOMPONENT_@_BROWSECLASS@F15WINDOWCOMPONENT
  401A0C UPDATEWINDOW_@_WINDOWCOMPONENT_@_BROWSECLASS@F15WINDOWCOMPONENT
  401A20 DOSHOWWAITCURSOR@F11BROWSECLASSUc
  401A58 SHOWWAITCURSOR@F11BROWSECLASSUc
  401A6C SETUSEWAITCURSOR@F11BROWSECLASSUc
  401A74 UPDATEWINDOW@F11BROWSECLASS
  401C54 UPDATEVIEWRECORD@F11BROWSECLASS
  401D38 UPDATETOOLBARBUTTONS@F11BROWSECLASS
  401DC0 UPDATETHUMBFIXED@F11BROWSECLASS
  401F70 UPDATETHUMB@F11BROWSECLASS
  402214 UPDATERESETS@F11BROWSECLASS
  402228 UPDATEBUFFER@F11BROWSECLASS
  402260 TAKEVCRSCROLL@F11BROWSECLASSl
  402348 TAKESCROLL@F11BROWSECLASSl
  4023CC TAKENEWSELECTION@F11BROWSECLASS
  402460 TAKELOCATE@F11BROWSECLASS
  4024D8 TAKEKEY@F11BROWSECLASS
  40277C TAKEEVENT@F11BROWSECLASS
  402E8C TAKECHOICECHANGED@F11BROWSECLASS
  402EF4 TAKEACCEPTEDLOCATOR@F11BROWSECLASS
  402FE8 GETUSEMRP@F11BROWSECLASS
  402FEC SETUSEMRP@F11BROWSECLASSUc
  402FF0 SETUSEPOPUP@F11BROWSECLASSUc
  402FF4 SETSORT@F11BROWSECLASSUcUc
  403130 SETQUEUERECORD@F11BROWSECLASS
  403150 SETALERTS@F11BROWSECLASS
  403664 SCROLLPAGE@F11BROWSECLASSl
  403748 SCROLLONE@F11BROWSECLASSl
  4037A8 SCROLLEND@F11BROWSECLASSl
  403820 SAVESORT@F11BROWSECLASS
  403914 RESETTHUMBLIMITS@F11BROWSECLASS
  403A50 RESETSORT@F11BROWSECLASSUc
  403A74 RESETRESETS@F11BROWSECLASS
  403A88 RESETQUEUE@F11BROWSECLASSUc
  404030 RESETFROMVIEW@F11BROWSECLASS
  404068 RESETFROMFILE@F11BROWSECLASS
  40408C RESETFROMBUFFER@F11BROWSECLASS
  4040FC RESETFROMASK@F11BROWSECLASSRUcRUc
  4042F4 REPLACESORT@F11BROWSECLASSsb12LOCATORCLASS9STEPCLASS
  4043CC RECORDS@F11BROWSECLASS
  404434 PREVIOUS@F11BROWSECLASS
  404480 POSTNEWSELECTION@F11BROWSECLASS
  4044D8 NOTIFYUPDATEERROR@F11BROWSECLASS
  4044F8 NEXT@F11BROWSECLASS
  404544 KILL@F11BROWSECLASS
  404788 INITSORT@F11BROWSECLASSUc
  4047DC INIT@F11BROWSECLASS12ILISTCONTROLBi11BROWSEQUEUE15RELATIONMANAGER13WINDOWMANAGER
  4048E8 INIT@F11BROWSECLASSlRsbBiBq15RELATIONMANAGER13WINDOWMANAGER
  40494C FETCH@F11BROWSECLASSUc
  404BD8 CHECKEIP@F11BROWSECLASS
  404C9C ASKRECORD@F11BROWSECLASSUc
  404CB0 ASK@F11BROWSECLASSUc
  404D80 APPLYRANGE@F11BROWSECLASS
  404DEC ADDTOOLBARTARGET@F11BROWSECLASS12TOOLBARCLASS
  404E40 ADDSORTORDER@F11BROWSECLASS9STEPCLASSBk
  404EBC ADDFIELD@F11BROWSECLASSRlRl
  404F1C ADDFIELD@F11BROWSECLASSRuRu
  404F5C RECORDS_@_BROWSEQUEUE_@_STANDARDBEHAVIOR@F11BROWSEQUEUE
  404F68 INSERT_@_BROWSEQUEUE_@_STANDARDBEHAVIOR@F11BROWSEQUEUE
  404F74 INSERT_@_BROWSEQUEUE_@_STANDARDBEHAVIOR@F11BROWSEQUEUEl
  404F80 FETCH_@_BROWSEQUEUE_@_STANDARDBEHAVIOR@F11BROWSEQUEUEl
  404F8C UPDATE_@_BROWSEQUEUE_@_STANDARDBEHAVIOR@F11BROWSEQUEUE
  404F98 DELETE_@_BROWSEQUEUE_@_STANDARDBEHAVIOR@F11BROWSEQUEUE
  404FA4 FREE_@_BROWSEQUEUE_@_STANDARDBEHAVIOR@F11BROWSEQUEUE
  404FB0 WHO_@_BROWSEQUEUE_@_STANDARDBEHAVIOR@F11BROWSEQUEUEl
  404FC0 GETVIEWPOSITION_@_BROWSEQUEUE_@_STANDARDBEHAVIOR@F11BROWSEQUEUE
  404FD8 SETVIEWPOSITION_@_BROWSEQUEUE_@_STANDARDBEHAVIOR@F11BROWSEQUEUEsb
  405010 CHOICE_@_ILISTCONTROL_@_STANDARDBEHAVIOR@F12ILISTCONTROL
  40501C GETCONTROL_@_ILISTCONTROL_@_STANDARDBEHAVIOR@F12ILISTCONTROL
  405020 GETITEMS_@_ILISTCONTROL_@_STANDARDBEHAVIOR@F12ILISTCONTROL
  405054 GETVISIBLE_@_ILISTCONTROL_@_STANDARDBEHAVIOR@F12ILISTCONTROL
  405088 SETCHOICE_@_ILISTCONTROL_@_STANDARDBEHAVIOR@F12ILISTCONTROLl
  4050DC SETCONTROL_@_ILISTCONTROL_@_STANDARDBEHAVIOR@F12ILISTCONTROLl
  4050E0 GETSELECTEDITEM_@_ILISTCONTROL_@_STANDARDBEHAVIOR@F12ILISTCONTROL
  40513C INIT@F16STANDARDBEHAVIORBqRsbl
  405154 TAKENEWSELECTION@F16BROWSEEIPMANAGER
  4051EC TAKECOMPLETED@F16BROWSEEIPMANAGERUc
  4053D4 KILL@F16BROWSEEIPMANAGER
  405408 INIT@F16BROWSEEIPMANAGER
  4057CC CLEARCOLUMN@F16BROWSEEIPMANAGER
  405814 TAKENEWSELECTION@F10EIPMANAGER
  40588C TAKEFOCUSLOSS@F10EIPMANAGER
  4058E0 TAKEFIELDEVENT@F10EIPMANAGER
  405A30 TAKEEVENT@F10EIPMANAGER
  405AC0 TAKECOMPLETED@F10EIPMANAGERUc
  405B0C TAKEACTION@F10EIPMANAGERl
  405E14 TAKEACCEPTALL@F10EIPMANAGER
  405F60 RUN@F10EIPMANAGERUc
  405FF8 RESETCOLUMN@F10EIPMANAGER
  4060C0 GETEDIT@F10EIPMANAGER
  40611C NEXT@F10EIPMANAGER
  4061F8 KILL@F10EIPMANAGER
  406380 INITCONTROLS@F10EIPMANAGER
  40658C INIT@F10EIPMANAGER
  4065F8 CLEARCOLUMN@F10EIPMANAGER
  406640 ADDCONTROL@F10EIPMANAGER9EDITCLASSlUc
  40669C CREATECONTROL@F14EDITENTRYCLASS
  4066C0 RESETCONTROL@F9EDITCLASS
  4066C4 GETFEQ@F9EDITCLASS
  4066C8 TAKEEVENT@F9EDITCLASSl
  406710 TAKEACCEPTED@F9EDITCLASSUc
  406728 SETREADONLY@F9EDITCLASSUc
  406784 SETALERTS@F9EDITCLASS
  406884 KILL@F9EDITCLASS
  4068B4 INIT@F9EDITCLASSllRu
  406A60 KILL_@_WINDOWCOMPONENT_@_HISTHANDLERCLASS@F15WINDOWCOMPONENT
  406A64 RESET_@_WINDOWCOMPONENT_@_HISTHANDLERCLASS@F15WINDOWCOMPONENTUc
  406A68 RESETREQUIRED_@_WINDOWCOMPONENT_@_HISTHANDLERCLASS@F15WINDOWCOMPONENT
  406A6C SETALERTS_@_WINDOWCOMPONENT_@_HISTHANDLERCLASS@F15WINDOWCOMPONENT
  406A70 TAKEEVENT_@_WINDOWCOMPONENT_@_HISTHANDLERCLASS@F15WINDOWCOMPONENT
  406A78 UPDATE_@_WINDOWCOMPONENT_@_HISTHANDLERCLASS@F15WINDOWCOMPONENT
  406A7C UPDATEWINDOW_@_WINDOWCOMPONENT_@_HISTHANDLERCLASS@F15WINDOWCOMPONENT
  406A90 VLBPROC@F16HISTHANDLERCLASSls
  406B3C TAKEEVENT@F16HISTHANDLERCLASS
  406C04 INIT@F16HISTHANDLERCLASSBw10ERRORCLASS16ERRORHISTORYLIST
  406C10 _VLBPROC@F16HISTHANDLERCLASSls
  406C20 TAKEACCEPTED@F11MSGBOXCLASS
  406C5C SETUPADDITIONALFEQS@F11MSGBOXCLASS
  406CE4 KILL@F11MSGBOXCLASS
  406D24 INIT@F11MSGBOXCLASS
  406FD4 INIT@F11MSGBOXCLASSBw10ERRORCLASSOsbllll
  40706C FETCHSTDBUTTON@F11MSGBOXCLASSs
  4070A0 GETALLSTATUSVARIABLES@F10ERRORCLASS16ERRORSTATUSGROUP
  4070D0 GETERRORBUFFERFATALITY@F10ERRORCLASS
  407100 GETERRORBUFFERTITLE@F10ERRORCLASS
  407138 GETERRORBUFFERID@F10ERRORCLASS
  40715C SETMESSAGETEXT@F10ERRORCLASSsb
  4071AC SETKEYNAME@F10ERRORCLASSsb
  4071FC SETFIELDNAME@F10ERRORCLASSsb
  40724C SETFILENAME@F10ERRORCLASSsb
  40729C STOREERRORENTRY@F10ERRORCLASSUs
  4073CC GETHISTORYRESETONVIEW@F10ERRORCLASS
  407418 SETHISTORYRESETONVIEW@F10ERRORCLASSUc
  407460 GETHISTORYVIEWLEVEL@F10ERRORCLASS
  4074AC SETHISTORYVIEWLEVEL@F10ERRORCLASSl
  4074F4 GETHISTORYTHRESHOLD@F10ERRORCLASS
  407540 SETHISTORYTHRESHOLD@F10ERRORCLASSl
  407588 GETLOGERRORS@F10ERRORCLASS
  4075D4 GETSILENT@F10ERRORCLASS
  407620 SETDEFAULTCATEGORY@F10ERRORCLASSsa
  407668 GETDEFAULTCATEGORY@F10ERRORCLASS
  4076B4 VIEWHISTORY@F10ERRORCLASS
  4076E0 THROWMESSAGE@F10ERRORCLASSssb
  407730 THROW@F10ERRORCLASSs
  407744 TAKEUSER@F10ERRORCLASS
  4077A0 TAKEPROGRAM@F10ERRORCLASS
  4077A8 TAKEOTHER@F10ERRORCLASS
  4077B0 TAKENOTIFY@F10ERRORCLASS
  4077FC TAKEFATAL@F10ERRORCLASS
  407888 TAKEERROR@F10ERRORCLASSs
  407A8C TAKEBENIGN@F10ERRORCLASS
  407A90 SUBSSTRING@F10ERRORCLASS
  407E44 SETPROCEDURENAME@F10ERRORCLASSOsb
  407EF4 GETERRORENTRY@F10ERRORCLASSUs15ERRORENTRYGROUPl
  407F98 GETERRORENTRY@F10ERRORCLASSUs15ERRORENTRYGROUP
  407FCC SETID@F10ERRORCLASSUsl
  408004 SETID@F10ERRORCLASSUs
  408020 SETKEY@F10ERRORCLASSsb
  40805C SETFILE@F10ERRORCLASSsb
  408098 SETFIELD@F10ERRORCLASSsb
  4080D4 SETERRORS@F10ERRORCLASS
  408158 SETERRORLOG@F10ERRORCLASS17ERRORLOGINTERFACE
  4081F8 SETCATEGORY@F10ERRORCLASSssa
  408244 RESETHISTORY@F10ERRORCLASS
  40826C REMOVEERROR@F10ERRORCLASSUs
  4082AC MESSAGEBOX@F10ERRORCLASSUcsbOsbOsblll
  408344 MSG@F10ERRORCLASSsbOsbOsblll
  408690 MESSAGE@F10ERRORCLASSsll
  4086F4 KILL@F10ERRORCLASS
  408798 INIT@F10ERRORCLASS16ERRORSTATUSCLASS
  4087F4 INIT@F10ERRORCLASS
  4088C8 HISTORYMSG@F10ERRORCLASSsblll
  408A88 GETPROCEDURENAME@F10ERRORCLASS
  408B5C GETCATEGORY@F10ERRORCLASSs
  408BE4 ADDHISTORY@F10ERRORCLASS
  408C14 ADDERRORS@F10ERRORCLASS10ERRORBLOCK
  408DC0 ADDERROR@F10ERRORCLASSUsRsbRsbUcsa
  408E6C DESTRUCT@F10ERRORCLASS
  408E88 CONSTRUCT@F10ERRORCLASS
  408EA0 DESTRUCT@F16ERRORSTATUSCLASS
  408ED4 CONSTRUCT@F16ERRORSTATUSCLASS
  40900C CLOSE_@_ERRORLOGINTERFACE_@_STANDARDERRORLOGCLASS@F17ERRORLOGINTERFACEUc
  409014 OPEN_@_ERRORLOGINTERFACE_@_STANDARDERRORLOGCLASS@F17ERRORLOGINTERFACEUc
  40901C TAKE_@_ERRORLOGINTERFACE_@_STANDARDERRORLOGCLASS@F17ERRORLOGINTERFACEsb
  4090C0 CLOSE@F21STANDARDERRORLOGCLASSUc
  40913C OPEN@F21STANDARDERRORLOGCLASSUc
  4091E4 DESTRUCT@F21STANDARDERRORLOGCLASS
  4091F0 CONSTRUCT@F21STANDARDERRORLOGCLASS
  40943C REMOVERELATIONFILEMAPPING@F12FILESMANAGER15RELATIONMANAGER
  40945C REMOVERELATIONFILEMAPPING@F12FILESMANAGERl
  409478 REMOVEFILEMAPPING@F12FILESMANAGER11FILEMANAGER
  409494 REMOVEFILEMAPPING@F12FILESMANAGERl
  4094B0 NOTEUSAGE@F12FILESMANAGER11FILEMANAGERUc
  409588 NOTEOPEN@F12FILESMANAGER11FILEMANAGER
  4095CC NOTECLOSE@F12FILESMANAGER11FILEMANAGER
  40965C GETRELATIONFILEMAPPING@F12FILESMANAGERl
  409694 GETFILEMAPPING@F12FILESMANAGERl
  4096CC GETFILEID@F12FILESMANAGERBf
  4096E4 FINDRECORD@F12FILESMANAGER11FILEMANAGER
  409790 ADDFILEMAPPING@F12FILESMANAGER15RELATIONMANAGER
  4097EC ADDFILEMAPPING@F12FILESMANAGER11FILEMANAGER
  409848 DESTRUCT@F12FILESMANAGER
  409888 CONSTRUCT@F12FILESMANAGER
  409FE0 OPENFILE_@_IFILEOPENSERVER_@_UNTHREADEDFILEOPENSERVER@F15IFILEOPENSERVERl
  40A070 CLOSEFILE_@_IFILEOPENSERVER_@_UNTHREADEDFILEOPENSERVER@F15IFILEOPENSERVER
  40A0F0 LINK_@_IFILEOPENSERVER_@_UNTHREADEDFILEOPENSERVER@F15IFILEOPENSERVER
  40A140 RELEASE_@_IFILEOPENSERVER_@_UNTHREADEDFILEOPENSERVER@F15IFILEOPENSERVER
  40A1CC INIT@F24UNTHREADEDFILEOPENSERVERBf
  40A1E0 DESTRUCT@F24UNTHREADEDFILEOPENSERVER
  40A204 CONSTRUCT@F24UNTHREADEDFILEOPENSERVER
  40A234 OPENFILE_@_IFILEOPENSERVER_@_THREADEDFILEOPENSERVER@F15IFILEOPENSERVERl
  40A260 CLOSEFILE_@_IFILEOPENSERVER_@_THREADEDFILEOPENSERVER@F15IFILEOPENSERVER
  40A270 LINK_@_IFILEOPENSERVER_@_THREADEDFILEOPENSERVER@F15IFILEOPENSERVER
  40A27C RELEASE_@_IFILEOPENSERVER_@_THREADEDFILEOPENSERVER@F15IFILEOPENSERVER
  40A288 RELEASE@F14FILEOPENSERVER
  40A2B4 LINK@F14FILEOPENSERVER
  40A2B8 INIT@F14FILEOPENSERVERBf
  40A2BC DESTRUCT@F14FILEOPENSERVER
  40A2C4 CONSTRUCT@F14FILEOPENSERVER
  40A2D0 VALIDATERECORD@F11VIEWMANAGER
  40A2D4 UNUSEVIEW@F11VIEWMANAGER
  40A36C USEVIEW@F11VIEWMANAGER
  40A434 SETSORT@F11VIEWMANAGERUc
  40A460 SETORDER@F11VIEWMANAGERsb
  40A4F0 SETFILTER@F11VIEWMANAGERsbsb
  40A62C SETFILTER@F11VIEWMANAGERsb
  40A674 SAVEBUFFERS@F11VIEWMANAGER
  40A724 RESTOREBUFFERS@F11VIEWMANAGER
  40A78C RESET@F11VIEWMANAGER
  40A798 RESET@F11VIEWMANAGERUc
  40A7E0 PRIMERECORD@F11VIEWMANAGERUc
  40A924 PREVIOUS@F11VIEWMANAGER
  40A988 OPEN@F11VIEWMANAGER
  40AA04 NEXT@F11VIEWMANAGER
  40AA68 KILL@F11VIEWMANAGER
  40ABC0 INIT@F11VIEWMANAGERBi15RELATIONMANAGER9SORTORDER
  40AC20 GETFREEELEMENTPOSITION@F11VIEWMANAGER
  40AC78 GETFREEELEMENTNAME@F11VIEWMANAGER
  40ACCC GETFREEELEMENTASCENDING@F11VIEWMANAGER
  40AD24 CLEARFILESRECORD@F11VIEWMANAGER
  40ADDC CLOSE@F11VIEWMANAGERUc
  40ADF8 CLOSE@F11VIEWMANAGER
  40AE04 APPLYRANGE@F11VIEWMANAGER
  40AFD0 APPLYORDER@F11VIEWMANAGER
  40B028 APPLYFILTER@F11VIEWMANAGER
  40B58C APPENDORDER@F11VIEWMANAGERsb
  40B66C ADDSORTORDER@F11VIEWMANAGERBk
  40B738 DESTRUCT@F11VIEWMANAGER
  40B74C DEFEREDADDRELATIONS@F15RELATIONMANAGER
  40B750 UPDATESECONDARY@F15RELATIONMANAGERBk18BUFFEREDPAIRSCLASSUc
  40B8E0 UPDATE@F15RELATIONMANAGERUc
  40BAF4 INSERT@F15RELATIONMANAGER
  40BC4C SETQUICKSCAN@F15RELATIONMANAGERUcUc
  40BD58 SAVE@F15RELATIONMANAGER
  40BDA0 FORCEOPEN@F15RELATIONMANAGERUc
  40BDB0 OPEN@F15RELATIONMANAGERUc
  40BDD8 OPENCLOSESERVER@F15RELATIONMANAGERUcUc
  40BF60 LOGOUTINSERT@F15RELATIONMANAGER
  40BFF4 LOGOUTUPDATE@F15RELATIONMANAGER
  40C060 LOGOUTPRIME@F15RELATIONMANAGER
  40C144 LOGOUTDELETE@F15RELATIONMANAGER
  40C1C0 KILL@F15RELATIONMANAGER
  40C244 INIT@F15RELATIONMANAGER11FILEMANAGERUc
  40C27C DELETESECONDARY@F15RELATIONMANAGERBk18BUFFEREDPAIRSCLASSUcUc
  40C518 DELETE@F15RELATIONMANAGERUc
  40C764 CLOSE@F15RELATIONMANAGERUc
  40C770 CASCADEUPDATES@F15RELATIONMANAGER
  40C84C CANCELAUTOINC@F15RELATIONMANAGER
  40C860 DEFEREDRELATIONS@F15RELATIONMANAGER
  40C888 CONSTRUCT@F15RELATIONMANAGER
  40C890 FUNCTIONCALLED_@_FILECALLBACKINTERFACE_@_FILEMANAGER@F21FILECALLBACKINTERFACEl6PARAMSRscRsc
  40C93C FUNCTIONDONE_@_FILECALLBACKINTERFACE_@_FILEMANAGER@F21FILECALLBACKINTERFACEl6PARAMSRscRsc
  40CA88 POSTCREATE@F11FILEMANAGERRscRsc
  40CA90 PRECREATE@F11FILEMANAGERRscRsc
  40CA98 POSTFETCH@F11FILEMANAGERlBksbllRscRsc
  40CABC PREFETCH@F11FILEMANAGERlBksbllRscRsc
  40CAE0 POSTUPDATE@F11FILEMANAGERRscRsc
  40CAE8 PREUPDATE@F11FILEMANAGERllRscRsc
  40CAF0 POSTINSERT@F11FILEMANAGERRscRsc
  40CAF8 PREINSERT@F11FILEMANAGERllRscRsc
  40CB00 POSTDELETE@F11FILEMANAGERRscRsc
  40CB08 PREDELETE@F11FILEMANAGERRscRsc
  40CB10 FUNCTIONDONE@F11FILEMANAGERl6PARAMSRscRsc
  40CC44 FUNCTIONCALLED@F11FILEMANAGERl6PARAMSRscRsc
  40CDA8 GETHASAUTOINC@F11FILEMANAGER
  40CDB0 GETAUTOINCDONE@F11FILEMANAGER
  40CDB8 GETMRPSIZE@F11FILEMANAGER
  40CDC0 SETMRPSIZE@F11FILEMANAGERUc
  40CDC8 GETUSEMRP@F11FILEMANAGER
  40CDD0 SETUSEMRP@F11FILEMANAGERUc
  40CDD8 DELETED@F11FILEMANAGER
  40CDDC DELETERECORD@F11FILEMANAGERUc
  40CE30 VALIDATERECORD@F11FILEMANAGERPl
  40CEEC VALIDATEFIELDS@F11FILEMANAGERllPl
  40CFAC VALIDATEFIELDSERVER@F11FILEMANAGERlUc
  40D018 TRYVALIDATEFIELD@F11FILEMANAGERl
  40D028 VALIDATEFIELD@F11FILEMANAGERl
  40D038 USEFILE@F11FILEMANAGERUc
  40D12C UPDATESERVER@F11FILEMANAGERUc
  40D234 UPDATE@F11FILEMANAGER
  40D240 TRYUPDATE@F11FILEMANAGER
  40D24C TRYREGET@F11FILEMANAGERsb
  40D2F8 TRYPRIMEAUTOINC@F11FILEMANAGER
  40D304 TRYPREVIOUS@F11FILEMANAGER
  40D314 TRYOPEN@F11FILEMANAGER
  40D324 TRYNEXT@F11FILEMANAGER
  40D334 TRYLOOKUP@F11FILEMANAGERBk
  40D380 TRYINSERT@F11FILEMANAGER
  40D38C TRYFETCH@F11FILEMANAGERBk
  40D3D8 THROWMESSAGE@F11FILEMANAGERUssb
  40D42C THROW@F11FILEMANAGER
  40D450 THROW@F11FILEMANAGERUs
  40D468 SETKEY@F11FILEMANAGERBk
  40D4C0 SETERRORS@F11FILEMANAGER10ERRORCLASS
  40D4C4 SETERROR@F11FILEMANAGERUs
  40D4DC SAVEFILE@F11FILEMANAGER
  40D5FC SAVEBUFFER@F11FILEMANAGER
  40D754 RESTOREFILE@F11FILEMANAGERRUs11FILEMANAGERUc
  40D884 RESTOREFILE@F11FILEMANAGERRUsUc
  40D894 RESTOREBUFFER@F11FILEMANAGERRUs11FILEMANAGERUc
  40DA04 RESTOREBUFFER@F11FILEMANAGERRUsUc
  40DA14 PRIMERECORD@F11FILEMANAGERUc
  40DB20 PRIMEFIELDS@F11FILEMANAGER
  40DB24 PRIMEAUTOINCSERVER@F11FILEMANAGERUc
  40E0E0 PRIMEAUTOINC@F11FILEMANAGER
  40E0EC PREVIOUS@F11FILEMANAGER
  40E0FC POSITION@F11FILEMANAGER
  40E17C OPENSERVER@F11FILEMANAGERUcUc
  40E1DC OPENFILE@F11FILEMANAGERUc
  40E400 OPEN@F11FILEMANAGER
  40E410 NULLFIELDS@F11FILEMANAGER
  40E414 NEXTSERVER@F11FILEMANAGERUcUc
  40E530 NEXT@F11FILEMANAGER
  40E540 KILL@F11FILEMANAGER
  40E584 KEYTOORDER@F11FILEMANAGERBkUc
  40E6D0 ISOPENED@F11FILEMANAGER
  40E6F0 INSERTSERVER@F11FILEMANAGERUc
  40E918 INSERT@F11FILEMANAGER
  40E924 INIT@F11FILEMANAGERBf10ERRORCLASS
  40EA04 INIT@F11FILEMANAGER
  40EA40 GETOPENED@F11FILEMANAGER
  40EA48 GETNAME@F11FILEMANAGER
  40EAD0 GETFIELDNAME@F11FILEMANAGERBkUc
  40EB20 GETFIELDASCENDING@F11FILEMANAGERBkUc
  40EB54 GETFIELD@F11FILEMANAGERBkUc
  40EB90 GETEOF@F11FILEMANAGER
  40EB98 GETCOMPONENTS@F11FILEMANAGERBk
  40EBB4 FETCH@F11FILEMANAGERBk
  40EBEC EQUALBUFFER@F11FILEMANAGERRUs
  40ED2C CLOSE@F11FILEMANAGER
  40EDC0 CLEARKEY@F11FILEMANAGERBkUcUcUc
  40EE70 CANCELAUTOINC@F11FILEMANAGER15RELATIONMANAGER
  40EEE4 BINDFIELDS@F11FILEMANAGER
  40EF08 DESTRUCT@F11FILEMANAGER
  40EF3C SETOPTION@F10FUZZYCLASSUcUc
  40EFA0 KILL@F10FUZZYCLASS
  40EFA4 INIT@F10FUZZYCLASS
  40EFB8 CONSTRUCT@F10FUZZYCLASS
  40F32C TOOLBOX@F10POPUPCLASSsb
  40F3B8 SETTOOLBOX@F10POPUPCLASSsbUc
  40F424 SETICON@F10POPUPCLASSsbsb
  40F49C SETITEMENABLE@F10POPUPCLASSsbUc
  40F548 SETITEM@F10POPUPCLASSllsbsb
  40F764 RESETTOOLBOX@F10POPUPCLASS
  40FB6C LOCATENAME@F10POPUPCLASSsb
  40FBF0 KILL@F10POPUPCLASS
  40FC0C INIT@F10POPUPCLASS
  40FC40 GETNAME@F10POPUPCLASSl
  40FD68 GETMENUTEXT@F10POPUPCLASS
  410050 GETLASTSELECTION@F10POPUPCLASS
  410060 GETITEMS@F10POPUPCLASSUc
  41010C EXECUTEPOPUP@F10POPUPCLASSsbllUc
  4101E4 EMPTYITEMS@F10POPUPCLASS
  4101F0 DELETEITEM@F10POPUPCLASSsb
  410238 CHECKMIMICS@F10POPUPCLASS
  4103F8 ASKTOOLBOX@F10POPUPCLASSsb
  41089C ASK@F10POPUPCLASSllUc
  4109F8 ASK@F10POPUPCLASSll
  410A08 ADDSUBMENU@F10POPUPCLASSsbsbsb
  410AC8 ADDSUBMENU@F10POPUPCLASSsbsb
  410B30 ADDMENU@F10POPUPCLASSsbUc
  410C8C ADDITEMMIMIC@F10POPUPCLASSsblOsb
  410D6C ADDITEMEVENT@F10POPUPCLASSsbll
  410E50 ADDITEM@F10POPUPCLASSsbsbsbUc
  410EE4 ADDITEM@F10POPUPCLASSsbsb
  410F54 ADDITEM@F10POPUPCLASSsb
  4119AC CLEARQUERY@F10QUERYCLASS
  411A54 GETQUERIES@F10QUERYCLASS11SECTORQUEUE
  411AF4 RESTORE@F10QUERYCLASSsb
  412284 TAKE@F10QUERYCLASS10POPUPCLASS
  412324 SAVE@F10QUERYCLASSsb
  412480 SETQUICKPOPUP@F10QUERYCLASS10POPUPCLASSUs
  412A38 QUOTE@F10QUERYCLASSsb
  412B1C GETLIMIT@F10QUERYCLASSRscRscRUcUcRsc
  4130D8 GETFILTER@F10QUERYCLASS
  4135E4 MAKEOPERATOR@FsbsbRscRsc
  4139B0 MAKEOPERATOR@Fsbsb
  413BB4 SETPRIORITIES@F17WINDOWRESIZECLASS13POSITIONGROUP
  413C00 SETSIZE@F17WINDOWRESIZECLASSl13POSITIONGROUP
  413CB4 GETSIZEINFO@F17WINDOWRESIZECLASSl13POSITIONGROUP
  413DC8 RESTORECONTROLS@F17WINDOWRESIZECLASS
  413E1C TAKERESIZE@F17WINDOWRESIZECLASS
  413E24 SETPOSITION@F17WINDOWRESIZECLASSl13POSITIONGROUP13POSITIONGROUP13POSITIONGROUP13POSITIONGROUP
  414508 SETPARENTDEFAULT@F17WINDOWRESIZECLASS
  4147F4 SETPARENTDEFAULTS@F17WINDOWRESIZECLASS
  414830 SETPARENTCONTROL@F17WINDOWRESIZECLASSll
  4148A4 RESTOREWINDOW@F17WINDOWRESIZECLASS
  414950 WINDOWRESIZEEND@F17WINDOWRESIZECLASS
  414954 WINDOWRESIZEBEGIN@F17WINDOWRESIZECLASS
  414958 RESIZECHILDREN@F17WINDOWRESIZECLASSl13POSITIONGROUP13POSITIONGROUP
  414B20 RESIZE@F17WINDOWRESIZECLASSl
  414E58 RESIZE@F17WINDOWRESIZECLASS
  414E68 RESET@F17WINDOWRESIZECLASS
  415158 KILL@F17WINDOWRESIZECLASS
  4151E4 INIT@F17WINDOWRESIZECLASSUcUcUc
  4153F4 GETCURRENTPOS@F17WINDOWRESIZECLASSl13POSITIONGROUP
  415430 GETORIGPOS@F17WINDOWRESIZECLASSl13POSITIONGROUP
  415480 GETRESIZESTRATEGY@F17WINDOWRESIZECLASSsOUc
  415600 GETPOSITIONSTRATEGY@F17WINDOWRESIZECLASSsOUc
  415778 GETPARENTCONTROL@F17WINDOWRESIZECLASSl
  415830 TAKEEVENT@F12TOOLBARCLASSPl13WINDOWMANAGER
  41585C SETTARGET@F12TOOLBARCLASSl
  415904 KILL@F12TOOLBARCLASS
  41591C INIT@F12TOOLBARCLASS
  41593C DISPLAYBUTTONS@F12TOOLBARCLASS
  415964 ADDTARGET@F12TOOLBARCLASS13TOOLBARTARGETl
  415998 TRYTAKETOOLBAR@F18TOOLBARUPDATECLASS
  4159A4 TAKEEVENT@F18TOOLBARUPDATECLASSPl13WINDOWMANAGER
  4159E0 TAKETOOLBAR@F18TOOLBARUPDATECLASS
  415A28 DISPLAYBUTTONS@F18TOOLBARUPDATECLASS
  415AE8 TRYTAKETOOLBAR@F19TOOLBARLISTBOXCLASS
  415B3C TAKEEVENT@F19TOOLBARLISTBOXCLASSPl13WINDOWMANAGER
  415C84 TAKETOOLBAR@F19TOOLBARLISTBOXCLASS
  415CA8 DISPLAYBUTTONS@F19TOOLBARLISTBOXCLASS
  415CD4 TAKEEVENT@F13TOOLBARTARGETPl13WINDOWMANAGER
  415D54 DISPLAYBUTTONS@F13TOOLBARTARGET
  415F38 SETTIPS@Fsb
  416060 UPDATEQUEUE@F8INICLASSsbsbBqRuPuPuPu
  416284 UPDATE@F8INICLASSsbsbsb
  416340 UPDATE@F8INICLASSsbBw
  416520 UPDATE@F8INICLASS
  416524 TRYFETCH@F8INICLASSsbsb
  41659C REMOVE@F8INICLASSsbsb
  416704 KILL@F8INICLASS
  41683C INIT@F8INICLASSsbll
  416954 GETSECTORS@F8INICLASSOsbOsbOsb11SECTORQUEUE
  416B64 GETSECTOR@F8INICLASSsbsbsb
  416C54 GETFAMILY@F8INICLASSsbRscRscRsc
  416DD8 FETCHQUEUE@F8INICLASSsbsbBqRuPuPuPu
  41704C FETCHFIELD@F8INICLASSsbsbUc
  41718C FETCH@F8INICLASSsbsbRu
  417250 FETCH@F8INICLASSsbBw
  4174B0 FETCH@F8INICLASSsbsb
  417588 FETCH@F8INICLASS
  41758C ADDSECTOR@F8INICLASSsb
  41766C UPDATEWINDOWINFO@F8INICLASSsb10WINDOWINFO
  4178D8 FETCHWINDOWINFO@F8INICLASSsb10WINDOWINFO
  417B50 UPDATE@F8INICLASSsbsbsbsb
  417D3C FETCH@F8INICLASSsbsbsbsb
  417F60 DESTRUCT@F8INICLASS
  417F7C CONSTRUCT@F8INICLASS
  417F90 KILL@F18BUFFEREDPAIRSCLASS
  41800C INIT@F18BUFFEREDPAIRSCLASS
  41802C EQUALRIGHTBUFFER@F18BUFFEREDPAIRSCLASSUc
  4180BC EQUALLEFTBUFFER@F18BUFFEREDPAIRSCLASSUc
  418148 EQUALRIGHTBUFFER@F18BUFFEREDPAIRSCLASS
  418154 EQUALLEFTBUFFER@F18BUFFEREDPAIRSCLASS
  418160 ASSIGNRIGHTTOBUFFER@F18BUFFEREDPAIRSCLASS
  4181A8 ASSIGNLEFTTOBUFFER@F18BUFFEREDPAIRSCLASS
  4181EC ASSIGNBUFFERTORIGHT@F18BUFFEREDPAIRSCLASS
  418234 ASSIGNBUFFERTOLEFT@F18BUFFEREDPAIRSCLASS
  418278 ADDPAIR@F18BUFFEREDPAIRSCLASSRuRu
  418318 INIT@F15FIELDPAIRSCLASS
  418334 KILL@F15FIELDPAIRSCLASS
  418398 EQUALLEFTRIGHT@F15FIELDPAIRSCLASS
  4183E8 EQUAL@F15FIELDPAIRSCLASS
  4183F0 CLEARRIGHT@F15FIELDPAIRSCLASS
  41842C CLEARLEFT@F15FIELDPAIRSCLASS
  418464 ASSIGNRIGHTTOLEFT@F15FIELDPAIRSCLASS
  4184A8 ASSIGNLEFTTORIGHT@F15FIELDPAIRSCLASS
  4184EC ADDPAIR@F15FIELDPAIRSCLASSRuRu
  418530 NEXT@F13CONSTANTCLASS
  4186EC SET@F13CONSTANTCLASSRsb
  418740 RESET@F13CONSTANTCLASS
  418790 KILL@F13CONSTANTCLASS
  4187F0 INIT@F13CONSTANTCLASSUc
  418834 GETCSTRING@F13CONSTANTCLASS
  4188B4 GETPSTRING@F13CONSTANTCLASS
  418940 GETLONG@F13CONSTANTCLASS
  418964 GETUSHORT@F13CONSTANTCLASS
  41898C GETSHORT@F13CONSTANTCLASS
  418994 GETBYTE@F13CONSTANTCLASS
  4189A8 ADDITEM@F13CONSTANTCLASSUcRu
  4189E4 CONSTRUCT@F13CONSTANTCLASS
  4189FC REMOVEDOLLAR@Fsb
  418AD0 ADDDOLLAR@Fsb
  418C54 SAVEONINSERTACTION@F13WINDOWMANAGER
  418CF8 SAVEONCHANGEACTION@F13WINDOWMANAGER
  418E10 DELETEACTION@F13WINDOWMANAGER
  418FCC CHANGEACTION@F13WINDOWMANAGER
  41933C INSERTACTION@F13WINDOWMANAGER
  419530 TAKEDISABLEBUTTON@F13WINDOWMANAGERlUc
  419558 UPDATE@F13WINDOWMANAGER
  419594 TAKEWINDOWEVENT@F13WINDOWMANAGER
  4197BC TAKESELECTED@F13WINDOWMANAGER
  4197C0 TAKEREJECTED@F13WINDOWMANAGER
  4197FC TAKENOTIFY@F13WINDOWMANAGERlll
  419800 TAKENEWSELECTION@F13WINDOWMANAGER
  419880 TAKEFIELDEVENT@F13WINDOWMANAGER
  419884 TAKEEVENT@F13WINDOWMANAGER
  419A38 TAKECLOSEEVENT@F13WINDOWMANAGER
  419BDC TAKECOMPLETED@F13WINDOWMANAGER
  419CB4 TAKEACCEPTED@F13WINDOWMANAGER
  419DA0 SETRESPONSE@F13WINDOWMANAGERUc
  419DEC SETALERTS@F13WINDOWMANAGER
  419E9C SAVEHISTORY@F13WINDOWMANAGER
  419F44 RUN@F13WINDOWMANAGERUsUc
  419F48 RUN@F13WINDOWMANAGER
  419F94 RESTOREFIELD@F13WINDOWMANAGERl
  41A068 RESETBUFFERS@F13WINDOWMANAGERUc
  41A0CC RESET@F13WINDOWMANAGERUc
  41A154 PRIMEUPDATE@F13WINDOWMANAGER
  41A298 PRIMEFIELDS@F13WINDOWMANAGER
  41A29C POSTCOMPLETED@F13WINDOWMANAGER
  41A334 OPEN@F13WINDOWMANAGERBwBw
  41A37C OPEN@F13WINDOWMANAGER
  41A3C0 MODALEVENT@F13WINDOWMANAGER
  41A4A4 KILL@F13WINDOWMANAGER
  41A5F8 INIT@F13WINDOWMANAGER
  41A674 REMOVEITEM@F13WINDOWMANAGER15WINDOWCOMPONENT
  41A6AC ASK@F13WINDOWMANAGER
  41A710 ADDUPDATEFILE@F13WINDOWMANAGER11FILEMANAGER
  41A750 ADDITEM@F13WINDOWMANAGER17WINDOWRESIZECLASS
  41A758 ADDITEM@F13WINDOWMANAGER15WINDOWCOMPONENT
  41A784 ADDITEM@F13WINDOWMANAGER18TOOLBARUPDATECLASS
  41A7DC ADDITEM@F13WINDOWMANAGER12TOOLBARCLASS
  41A7F0 ADDITEM@F13WINDOWMANAGERlUc
  41A814 ADDITEM@F13WINDOWMANAGER11BROWSECLASS
  41A83C ADDHISTORYFILE@F13WINDOWMANAGERRgRg
  41A894 ADDHISTORYFIELD@F13WINDOWMANAGERll
  41A8BC DISABLECANCELCONTROLS@F13WINDOWMANAGER
  41A914 ENABLECANCELCONTROLS@F13WINDOWMANAGER
  41AD84 MAIN@F
  41B354 COFFEE002$BROWSESUPPLIERS@F
  41BAC0 COFFEE003$UPDATESUPPLIERS@F
  41BCA8 KILL@F21HIDE:RELATE:SUPPLIERS
  41BCF0 INIT@F21HIDE:RELATE:SUPPLIERS
  41BD28 USEFILE@F21HIDE:ACCESS:SUPPLIERSUc
  41BDA0 KILL@F21HIDE:ACCESS:SUPPLIERS
  41BDC0 INIT@F21HIDE:ACCESS:SUPPLIERS
  41BE40 COFFEE_BC0$COFFEE_BC0:FILESINIT@F
  41BE54 COFFEE_BC0$COFFEE_BC0:DCTKILL@F
  41BE7C COFFEE_BC0$COFFEE_BC0:DCTINIT@F
  41BEE0 DCTKILL@F
  41BEE8 DCTINIT@F
  41BEF4 _main
  41BF8C DESTRUCT@F10DICTIONARY
  41BF94 CONSTRUCT@F10DICTIONARY
  41BFA4 GETIFACE@F15CRITICALSECTION
  41BFA8 DESTRUCT@F15CRITICALSECTION
  41BFBC CONSTRUCT@F15CRITICALSECTION
  41BFD0 KILL@F17CRITICALPROCEDURE
  41BFF4 INIT@F17CRITICALPROCEDURE11ISYNCOBJECT
  41C014 DESTRUCT@F17CRITICALPROCEDURE
  41C01C CONSTRUCT@F17CRITICALPROCEDURE
  41C30C __thr_inst0
  41C31C __thr_init_entry
  41C33C __thr_init_exit
  41D000 $DEFAULTERRORS
  41E394 TYPE$BROWSECLASS
  41E77C TYPE$BROWSEEIPMANAGER
  41EA50 VMT$BROWSEEIPMANAGER
  41EAF4 VMT$BROWSECLASS
  41ECC8 TYPE$STANDARDBEHAVIOR
  41ED04 VMT$STANDARDBEHAVIOR
  41ED78 TYPE$COLORMAP
  41EDA4 TCB$COLORMAP
  41EDB4 TYPE$EDITENTRYCLASS
  41EDFC VMT$EDITENTRYCLASS
  41EF9C STDERRORFILE$TYPE$RECORD
  41EFB4 $STDERRORFILE
  41F030 TYPE$PNQ
  41F050 TYPE$DEFAULTERRORS
  41F2D0 TYPE$HISTHANDLERCLASS
  41F318 VMT$HISTHANDLERCLASS
  41F348 TYPE$MSGBOXCLASS
  41F5C0 VMT$MSGBOXCLASS
  41F648 TYPE$ERRORCLASS
  41F8A4 VMT$ERRORCLASS
  41F8F0 TYPE$STANDARDERRORLOGCLASS
  41F928 VMT$STANDARDERRORLOGCLASS
  41F940 TYPE$ERRORSTATUSCLASS
  41FA34 VMT$ERRORSTATUSCLASS
  41FAC4 TYPE$UNTHREADEDFILEOPENERMAP
  41FAE8 TCB$UNTHREADEDFILEOPENERMAP
  41FAF8 TYPE$FILESMANAGER
  41FB3C VMT$FILESMANAGER
  41FB48 TYPE$FILEMAPPING_T
  41FB74 TYPE$FILEMAPPING_R
  41FBA4 TYPE$STATUSQ_T
  41FC0C TYPE$UNTHREADEDFILEOPENSERVER
  41FC68 VMT$UNTHREADEDFILEOPENSERVER
  41FC8C TYPE$THREADEDFILEOPENSERVER
  41FCCC VMT$THREADEDFILEOPENSERVER
  41FEA8 TYPE$FUZZYCLASS
  41FF50 VMT$FUZZYCLASS
  41FF8C TYPE$POPUPITEMQUEUE
  41FFFC TYPE$POPUPCLASS
  4200A8 VMT$POPUPCLASS
  420198 TYPE$FIELDQUEUE
  420250 TYPE$WINDOWRESIZECLASS
  420490 TYPE$TOOLBARTARGETQUEUE
  4204AC $UPDATECHANGETIPS
  4205B8 $UPDATEINSERTTIPS
  4205F8 $LISTBOXTIPS
  4206B4 TYPE$TOOLBARCLASS
  4206CC VMT$TOOLBARCLASS
  4206E4 TYPE$TOOLBARUPDATECLASS
  42076C VMT$TOOLBARUPDATECLASS
  420788 TYPE$TOOLBARLISTBOXCLASS
  420804 VMT$TOOLBARLISTBOXCLASS
  4208AC TYPE$CONSTDESCRIPTORLIST
  4208D4 TYPE$CONSTANTCLASS
  420974 VMT$CONSTANTCLASS
  420980 TYPE$INICLASS
  4209C8 VMT$INICLASS
  420A54 TYPE$BUFFEREDPAIRSCLASS
  420A78 VMT$BUFFEREDPAIRSCLASS
  420AB0 TYPE$FIELDPAIRSCLASS
  420AC8 VMT$FIELDPAIRSCLASS
  420AF8 TYPE$FILELIST
  420B1C TYPE$HISTORYLIST
  420B54 TYPE$BUTTONLIST
  420B78 TYPE$COMPONENTLIST
  421BF4 TYPE$HIDE:RELATE:SUPPLIERS
  421C98 VMT$HIDE:RELATE:SUPPLIERS
  421CD4 TYPE$HIDE:ACCESS:SUPPLIERS
  421EE4 VMT$HIDE:ACCESS:SUPPLIERS
  42200C TYPE$DICTIONARY
  42201C VMT$DICTIONARY
  422028 SUPPLIERS$TYPE$SUP:RECORD
  422078 TYPE$CRITICALSECTION
  422090 VMT$CRITICALSECTION
  42209C TYPE$CRITICALPROCEDURE
  4220B4 VMT$CRITICALPROCEDURE
  42231C VMTP$DICTIONARY
  422354 VMTP$HIDE:RELATE:SUPPLIERS
  42235C VMTP$HIDE:ACCESS:SUPPLIERS
  422364 VMTP$FILESMANAGER
  42236C VMTP$UNTHREADEDFILEOPENSERVER
  422374 VMTP$THREADEDFILEOPENSERVER
  42237C VMTP$CONSTANTCLASS
  422384 VMTP$INICLASS
  42238C VMTP$BUFFEREDPAIRSCLASS
  422394 VMTP$FIELDPAIRSCLASS
  42239C VMTP$POPUPCLASS
  4223A4 VMTP$TOOLBARCLASS
  4223AC VMTP$TOOLBARUPDATECLASS
  4223B4 VMTP$TOOLBARLISTBOXCLASS
  4223BC VMTP$EDITENTRYCLASS
  4223C4 VMTP$BROWSEEIPMANAGER
  4223CC VMTP$BROWSECLASS
  4223D4 VMTP$STANDARDBEHAVIOR
  4223DC VMTP$HISTHANDLERCLASS
  4223E4 VMTP$MSGBOXCLASS
  4223EC VMTP$ERRORCLASS
  4223F4 VMTP$STANDARDERRORLOGCLASS
  4223FC VMTP$ERRORSTATUSCLASS
  422404 VMTP$FUZZYCLASS
  42240C VMTP$CRITICALSECTION
  422414 VMTP$CRITICALPROCEDURE
  422420 $FUZZYMATCHER
  423A44 $COLORMAP
  423A7C $MULTIWINDOW
  423A80 $TXTWINDOW
  423A84 $WINDOW
  423A88 STDERRORFILE$RECORD
  423E88 $UNTHREADEDFILEOPENERMAP
  423E90 $CREATEOPENERCRIT
  423FA0 $GLOBALERRORS
  423FD4 $INIMGR
  4240EC KEYS$SUPPLIERS
  425008 $SUPPLIERS
  4250D4 $EPOC
  425130 $GLOBALERRORSTATUS
  426454 $GLOBALREQUEST
  426458 $GLOBALRESPONSE
  42645C $VCRREQUEST
  426460 $DICTIONARY
  426464 SUPPLIERS$SUP:RECORD
  42663C $RELATE:SUPPLIERS
  426640 $ACCESS:SUPPLIERS
  426828 COFFEE_BC0$_HIDE:RELATE:SUPPLIERS
  42682C COFFEE_BC0$_HIDE:ACCESS:SUPPLIERS
  426830 $FILESMANAGER
  426848 $SZDBTEXTLOG
  428000 __import_section_start
  4297BC __import_section_end

Imports
ClaASC.dll:ASCII 428058
ClaMSS.dll:MSSQL 428068
ClaRUN.dll:Cla$ACCEPTED 4283B8,401000
ClaRUN.dll:Cla$ADDqueue 4283BC
ClaRUN.dll:Cla$ADDqueuekey 4283C0,401008
ClaRUN.dll:Cla$ADDqueueptr 4283C4
ClaRUN.dll:Cla$AssignLong2RefUfo 4283C8
ClaRUN.dll:Cla$AssignReal2RefUfo 4283CC
ClaRUN.dll:Cla$AssignRefUfo 4283D0
ClaRUN.dll:Cla$BEEP 4283D4,401010
ClaRUN.dll:Cla$BindG 4283D8
ClaRUN.dll:Cla$CHOICE 4283DC,401018
ClaRUN.dll:Cla$CLEAR 4283E0
ClaRUN.dll:Cla$CLEARqueue 4283E4
ClaRUN.dll:Cla$clearstr 4283E8
ClaRUN.dll:Cla$ClearType 4283EC
ClaRUN.dll:Cla$ClearUfo 4283F0
ClaRUN.dll:Cla$CLOCK 4283F4,401020
ClaRUN.dll:Cla$CloneUfo 4283F8
ClaRUN.dll:Cla$CLOSEwindow 4283FC,401028
ClaRUN.dll:Cla$code 428400
ClaRUN.dll:Cla$COMMIT 428404,401030
ClaRUN.dll:Cla$comparestr 428408
ClaRUN.dll:Cla$CREATE 42840C
ClaRUN.dll:Cla$DecAdd 428410
ClaRUN.dll:Cla$DecCompareN 428414
ClaRUN.dll:Cla$DecDistinct 428418
ClaRUN.dll:Cla$DecDistinctR 42841C
ClaRUN.dll:Cla$DecDivide 428420
ClaRUN.dll:Cla$DecMul 428424
ClaRUN.dll:Cla$DecSub 428428
ClaRUN.dll:Cla$DecSubR 42842C
ClaRUN.dll:Cla$DELETEqueue 428430,401038
ClaRUN.dll:Cla$DELETEREG 428434,401040
ClaRUN.dll:Cla$DESTROY 428438,401048
ClaRUN.dll:Cla$DISABLE 42843C,401050
ClaRUN.dll:Cla$DISPLAY 428440,401058
ClaRUN.dll:Cla$DISPOSEqueue 428444
ClaRUN.dll:Cla$DISPOSEref 428448
ClaRUN.dll:Cla$DISPOSEvref 42844C
ClaRUN.dll:Cla$Dlongpower 428450
ClaRUN.dll:Cla$DPopDec 428454
ClaRUN.dll:Cla$DPopLong 428458
ClaRUN.dll:Cla$DPopReal 42845C
ClaRUN.dll:Cla$DPushDec 428460
ClaRUN.dll:Cla$DPushLong 428464
ClaRUN.dll:Cla$DRound 428468
ClaRUN.dll:Cla$ENABLE 42846C,401060
ClaRUN.dll:Cla$EndEventLoop 428470
ClaRUN.dll:Cla$EndEventLoops 428474
ClaRUN.dll:Cla$ERRORCODE 428478,401068
ClaRUN.dll:Cla$Evaluate 42847C,401070
ClaRUN.dll:Cla$EVENT 428480,401078
ClaRUN.dll:Cla$FIELD 428484,401080
ClaRUN.dll:Cla$FILEERRORCODE 428488,401088
ClaRUN.dll:Cla$FILEERRORMSG 42848C,401090
ClaRUN.dll:Cla$FileExists 428490,401098
ClaRUN.dll:Cla$FILE_ADDf 428494
ClaRUN.dll:Cla$FILE_BUFFER 428498,4010A0
ClaRUN.dll:Cla$FILE_BUILDf 42849C,4010A8
ClaRUN.dll:CLA$FILE_CALLBACK 4284A0,4010B0
ClaRUN.dll:Cla$FILE_CLEAR 4284A4
ClaRUN.dll:Cla$FILE_CLOSE 4284A8,4010B8
ClaRUN.dll:Cla$FILE_CREATE 4284AC
ClaRUN.dll:Cla$FILE_DELETE 4284B0,4010C0
ClaRUN.dll:CLA$FILE_DESTROY 4284B4
ClaRUN.dll:Cla$FILE_DUPLICATEk 4284B8,4010C8
ClaRUN.dll:Cla$FILE_FLUSH 4284BC,4010D0
ClaRUN.dll:CLA$FILE_FREESTATE 4284C0,4010D8
ClaRUN.dll:Cla$FILE_GETfk 4284C4
ClaRUN.dll:Cla$FILE_GETfl 4284C8
ClaRUN.dll:Cla$FILE_GETNULLS 4284CC,4010E0
ClaRUN.dll:CLA$FILE_GETSTATE 4284D0,4010E8
ClaRUN.dll:Cla$FILE_GET_PROPERTY 4284D4
ClaRUN.dll:Cla$FILE_NAME 4284D8,4010F0
ClaRUN.dll:Cla$FILE_NEXT 4284DC,4010F8
ClaRUN.dll:Cla$FILE_NOMEMO 4284E0,401100
ClaRUN.dll:Cla$FILE_OPEN 4284E4,401108
ClaRUN.dll:Cla$FILE_POSITIONf 4284E8,401110
ClaRUN.dll:Cla$FILE_POSITIONk 4284EC,401118
ClaRUN.dll:Cla$FILE_PREV 4284F0,401120
ClaRUN.dll:Cla$FILE_PUTf 4284F4
ClaRUN.dll:Cla$FILE_REGETf 4284F8,401128
ClaRUN.dll:Cla$FILE_REGETk 4284FC,401130
ClaRUN.dll:Cla$FILE_RESETf 428500,401138
ClaRUN.dll:Cla$FILE_RESETk 428504,401140
ClaRUN.dll:CLA$FILE_RESTORESTATE 428508,401148
ClaRUN.dll:Cla$FILE_SEND 42850C,401150
ClaRUN.dll:Cla$FILE_SETk 428510,401158
ClaRUN.dll:Cla$FILE_SETkk 428514,401160
ClaRUN.dll:Cla$FILE_SETNULLS 428518,401168
ClaRUN.dll:Cla$FILE_SET_PROPERTY 42851C
ClaRUN.dll:Cla$FILE_WATCH 428520,401170
ClaRUN.dll:Cla$FOCUS 428524,401178
ClaRUN.dll:Cla$FREEqueue 428528
ClaRUN.dll:Cla$FREEqueuea 42852C,401180
ClaRUN.dll:Cla$freestr 428530
ClaRUN.dll:Cla$FreeUfo 428534
ClaRUN.dll:Cla$freewindow 428538
ClaRUN.dll:Cla$GETINI 42853C,401188
ClaRUN.dll:Cla$GETPOSITION 428540,401190
ClaRUN.dll:Cla$GetPropS 428544
ClaRUN.dll:Cla$GETqueuekey 428548,401198
ClaRUN.dll:Cla$GETqueueptr 42854C
ClaRUN.dll:Cla$GETREG 428550,4011A0
ClaRUN.dll:Cla$Group2Ufo 428554
ClaRUN.dll:Cla$HALT 428558,4011A8
ClaRUN.dll:Cla$HIDE 42855C,4011B0
ClaRUN.dll:Cla$init 428560
ClaRUN.dll:Cla$INSTANCE 428564,4011B8
ClaRUN.dll:Cla$IsUfoString 428568,4011C0
ClaRUN.dll:Cla$KEYCODE 42856C,4011C8
ClaRUN.dll:Cla$KEY_GET_PROPERTY 428570
ClaRUN.dll:Cla$LASTFIELD 428574,4011D0
ClaRUN.dll:Cla$LOGOUT 428578,4011D8
ClaRUN.dll:Cla$longtostr 42857C
ClaRUN.dll:Cla$Mem2Ufo 428580
ClaRUN.dll:Cla$MessageBox 428584,4011E0
ClaRUN.dll:Cla$NewMemB 428588
ClaRUN.dll:Cla$NewMemT 42858C
ClaRUN.dll:Cla$NEWqueue 428590
ClaRUN.dll:Cla$NOTIFICATION 428594,4011E8
ClaRUN.dll:Cla$OPENowned 428598,4011F0
ClaRUN.dll:Cla$OPENwindow 42859C,4011F8
ClaRUN.dll:Cla$paopen 4285A0,401200
ClaRUN.dll:Cla$pmopen 4285A4,401208
ClaRUN.dll:Cla$POINTERqueue 4285A8,401210
ClaRUN.dll:Cla$PopAString 4285AC
ClaRUN.dll:Cla$PopBind 4285B0,401218
ClaRUN.dll:Cla$PopCString 4285B4
ClaRUN.dll:Cla$PopReal 4285B8
ClaRUN.dll:Cla$PopString 4285BC
ClaRUN.dll:Cla$PopTemp 4285C0
ClaRUN.dll:Cla$POPUP 4285C4,401220
ClaRUN.dll:Cla$POST 4285C8,401228
ClaRUN.dll:Cla$PRESSKEY 4285CC,401230
ClaRUN.dll:Cla$PushAString 4285D0
ClaRUN.dll:Cla$PushBind 4285D4,401238
ClaRUN.dll:Cla$PushCString 4285D8
ClaRUN.dll:Cla$PushLong 4285DC
ClaRUN.dll:Cla$PushPictLong 4285E0
ClaRUN.dll:Cla$PushString 4285E4
ClaRUN.dll:Cla$PushUfo 4285E8
ClaRUN.dll:Cla$PUTINI 4285EC,401240
ClaRUN.dll:Cla$PUTqueue 4285F0
ClaRUN.dll:Cla$PUTqueuekey 4285F4,401248
ClaRUN.dll:Cla$PUTREG 4285F8,401250
ClaRUN.dll:Cla$pwopen 4285FC,401258
ClaRUN.dll:Cla$realdistinct 428600
ClaRUN.dll:Cla$RECORDSqueue 428604,401260
ClaRUN.dll:Cla$RefAssignAny 428608
ClaRUN.dll:Cla$REGISTEREVENT 42860C,401268
ClaRUN.dll:Cla$REGULAR 428610,401270
ClaRUN.dll:Cla$ROLLBACK 428614,401278
ClaRUN.dll:Cla$rterr 428618,401280
ClaRUN.dll:Cla$SELECT 42861C,401288
ClaRUN.dll:Cla$SETCURSOR 428620,401290
ClaRUN.dll:Cla$SETKEYCODE 428624,401298
ClaRUN.dll:Cla$SETPOSITION 428628,4012A0
ClaRUN.dll:Cla$SetPropF 42862C
ClaRUN.dll:Cla$SetPropS 428630
ClaRUN.dll:Cla$SetPropV 428634
ClaRUN.dll:Cla$SETTARGET 428638,4012A8
ClaRUN.dll:Cla$SORTqueuekey 42863C,4012B0
ClaRUN.dll:Cla$Stack2DStack 428640
ClaRUN.dll:Cla$Stack2Ufo 428644
ClaRUN.dll:Cla$StackCLIP 428648,4012B8
ClaRUN.dll:Cla$StackCompareN 42864C
ClaRUN.dll:Cla$StackCompareNEQ 428650
ClaRUN.dll:Cla$StackCompareR 428654
ClaRUN.dll:Cla$StackConcat 428658
ClaRUN.dll:Cla$StackConcatR 42865C
ClaRUN.dll:Cla$StackDEFORMAT2 428660
ClaRUN.dll:Cla$StackErrstr 428664,4012C0
ClaRUN.dll:Cla$StackHeap 428668
ClaRUN.dll:Cla$StackINSTRING 42866C,4012C8
ClaRUN.dll:Cla$StackLEFT 428670,4012D0
ClaRUN.dll:Cla$StackLen 428674,4012D8
ClaRUN.dll:Cla$StackNUMERIC 428678,4012E0
ClaRUN.dll:Cla$STACKpop 42867C
ClaRUN.dll:Cla$StackRotate 428680
ClaRUN.dll:Cla$StackSUB 428684,4012E8
ClaRUN.dll:Cla$StackUPPER 428688,4012F0
ClaRUN.dll:Cla$START 42868C,4012F8
ClaRUN.dll:Cla$START2 428690,401300
ClaRUN.dll:Cla$StartEventLoop 428694
ClaRUN.dll:Cla$storecstr 428698
ClaRUN.dll:Cla$storestr 42869C
ClaRUN.dll:Cla$String2Ref 4286A0
ClaRUN.dll:Cla$THREAD 4286A4,401308
ClaRUN.dll:Cla$THREAD_FILE 4286A8
ClaRUN.dll:Cla$TODAY 4286AC,401310
ClaRUN.dll:Cla$Ufo2Real 4286B0
ClaRUN.dll:Cla$UfoCompareN 4286B4
ClaRUN.dll:Cla$Ufodistinct 4286B8
ClaRUN.dll:Cla$UNHIDE 4286BC,401318
ClaRUN.dll:Cla$UNREGISTEREVENT 4286C0,401320
ClaRUN.dll:Cla$UPDATE 4286C4,401328
ClaRUN.dll:Cla$VIEW_RESETvf 4286C8,401330
ClaRUN.dll:Cla$VIEW_SETvl 4286CC,401338
ClaRUN.dll:Cla$WHAT 4286D0,401340
ClaRUN.dll:Cla$WHOqueue 4286D4,401348
ClaRUN.dll:Cla$YIELD 4286D8,401350
ClaRUN.dll:NewCriticalSection 4286DC,401358
ClaRUN.dll:THR$GetInstance 4286E0,401360
ClaRUN.dll:VIEWDRIVER 4286E4
ClaRUN.dll:_exit 4286E8,401368
ClaRUN.dll:_free 4286EC
ClaRUN.dll:_malloc 4286F0
ClaRUN.dll:__sysinit 4286F4,401370
ClaRUN.dll:__sysstart 4286F8,401378



Entry Point:   41C024