  401380     4491 Code                ABBROWSE_TEXT
  405814     112F Code                ABEIP_TEXT
  406944     28B4 Code                ABERROR_TEXT
  4091F8     5F8F Code                ABFILE_TEXT
  40F188      159 Code                ABFUZZY_TEXT
  40F2E4     21CC Code                ABPOPUP_TEXT
  4114B0     27F6 Code                ABQUERY_TEXT
  413CA8     1D40 Code                ABRESIZE_TEXT
  4159E8      8C2 Code                ABTOOLBA_TEXT
  4162AC     2B0D Code                ABUTIL_TEXT
  418DBC     1DF6 Code                ABWINDOW_TEXT
  41ABB4      70A Code                BROWSESUPPLIERS_COFFEE_TEXT
  41B2C0      4A7 Code                COFFEE_BC0_TEXT
  41B768       13 Code                COFFEE_BC_TEXT
  41B77C       B0 Code                COFFEE_TEXT
  41B82C      652 Code                CONTROLEDIT_COFFEE_TEXT
  41BE80       80 Code                CWSYNCHC_TEXT
  41BF00       23 Code                IEXE32_TEXT
  41BF24      302 Code                INIT_TEXT
  41C228       37 Code                INST00_TEXT
  41C260      4FE Code                MAIN_COFFEE_TEXT
  41C760      763 Code                UPDATESUPPLIERS_COFFEE_TEXT
  41D000     1290 Initialized Data    $DEFAULTERRORS_DATA
  41E290      101 Initialized Data    ABBROWSE_CONST
  41E394      9C0 Initialized Data    ABBROWSE_DATA
  41ED54       23 Initialized Data    ABEIP_CONST
  41ED78       B4 Initialized Data    ABEIP_DATA
  41EE2C      16F Initialized Data    ABERROR_CONST
  41EF9C      AA4 Initialized Data    ABERROR_DATA
  41FA40       81 Initialized Data    ABFILE_CONST
  41FAC4      410 Initialized Data    ABFILE_DATA
  41FED4       B4 Initialized Data    ABFUZZY_DATA
  41FF88       2D Initialized Data    ABPOPUP_CONST
  41FFB8      128 Initialized Data    ABPOPUP_DATA
  4200E0       E2 Initialized Data    ABQUERY_CONST
  4201C4       87 Initialized Data    ABQUERY_DATA
  42024C       30 Initialized Data    ABRESIZE_CONST
  42027C      23F Initialized Data    ABRESIZE_DATA
  4204BC      390 Initialized Data    ABTOOLBA_DATA
  42084C       71 Initialized Data    ABUTIL_CONST
  4208C0      261 Initialized Data    ABUTIL_DATA
  420B24       9B Initialized Data    ABWINDOW_DATA
  420BC0       3F Initialized Data    BROWSESUPPLIERS_COFFEE_CONST
  420C00      92C Initialized Data    BROWSESUPPLIERS_COFFEE_DATA
  42152C       25 Initialized Data    COFFEE_BC0_CONST
  421554      7C0 Initialized Data    COFFEE_BC0_DATA
  421D14       50 Initialized Data    COFFEE_CONST
  421D64       AB Initialized Data    COFFEE_DATA
  421E10       5F Initialized Data    CONTROLEDIT_COFFEE_CONST
  421E70      3D0 Initialized Data    CONTROLEDIT_COFFEE_DATA
  422240       48 Initialized Data    CWSYNCHC_DATA
  422288       44 Initialized Data    IEXE32_DATA
  4222CC       3C Initialized Data    MAIN_COFFEE_CONST
  422308      28C Initialized Data    MAIN_COFFEE_DATA
  422594       2F Initialized Data    UPDATESUPPLIERS_COFFEE_CONST
  4225C4      3D0 Initialized Data    UPDATESUPPLIERS_COFFEE_DATA
  422994        0 Initialized Data    __CPPINI_CONS
  422994      230 Initialized Data    __CPPINI_CONST
  422BC4        4 Initialized Data    __CPPINI_END
  422BC8        0 Initialized Data    __INIVMT_CONS
  422BC8      120 Initialized Data    __INIVMT_CONST
  422CE8        0 Initialized Data    __INIVMT_CONST_END
  422CF0     1623 Un-initialized Data $FUZZYMATCHER_BSS
  424314       40 Un-initialized Data ABEIP_BSS
  424354      404 Un-initialized Data ABERROR_BSS
  424758       10 Un-initialized Data ABFILE_BSS
  424768        4 Un-initialized Data ABFUZZY_BSS
  42476C      104 Un-initialized Data ABUTIL_BSS
  424870      14C Un-initialized Data COFFEE_BSS
  425000        8 __T_L_S__DAT
  425008      1A0 __T_L_S__DATA
  4251A8        0 __T_L_S__DATA_END
  4251B0        0 __T_L_S__BS
  4251B0     2080 __T_L_S__BSS
  427230        0 __T_L_S__BSS_END

  40199C KILL_@_WINDOWCOMPONENT_@_BROWSECLASS@F15WINDOWCOMPONENT
  4019AC RESET_@_WINDOWCOMPONENT_@_BROWSECLASS@F15WINDOWCOMPONENTUc
  4019C0 RESETREQUIRED_@_WINDOWCOMPONENT_@_BROWSECLASS@F15WINDOWCOMPONENT
  4019D0 SETALERTS_@_WINDOWCOMPONENT_@_BROWSECLASS@F15WINDOWCOMPONENT
  4019E4 TAKEEVENT_@_WINDOWCOMPONENT_@_BROWSECLASS@F15WINDOWCOMPONENT
  4019F8 UPDATE_@_WINDOWCOMPONENT_@_BROWSECLASS@F15WINDOWCOMPONENT
  401A0C UPDATEWINDOW_@_WINDOWCOMPONENT_@_BROWSECLASS@F15WINDOWCOMPONENT
  401A20 DOSHOWWAITCURSOR@F11BROWSECLASSUc
  401A58 SHOWWAITCURSOR@F11BROWSECLASSUc
  401A6C SETUSEWAITCURSOR@F11BROWSECLASSUc
  401A74 UPDATEWINDOW@F11BROWSECLASS
  401C54 UPDATEVIEWRECORD@F11BROWSECLASS
  401D38 UPDATETOOLBARBUTTONS@F11BROWSECLASS
  401DC0 UPDATETHUMBFIXED@F11BROWSECLASS
  401F70 UPDATETHUMB@F11BROWSECLASS
  402214 UPDATERESETS@F11BROWSECLASS
  402228 UPDATEBUFFER@F11BROWSECLASS
  402260 TAKEVCRSCROLL@F11BROWSECLASSl
  402348 TAKESCROLL@F11BROWSECLASSl
  4023CC TAKENEWSELECTION@F11BROWSECLASS
  402460 TAKELOCATE@F11BROWSECLASS
  4024D8 TAKEKEY@F11BROWSECLASS
  40277C TAKEEVENT@F11BROWSECLASS
  402E8C TAKECHOICECHANGED@F11BROWSECLASS
  402EF4 TAKEACCEPTEDLOCATOR@F11BROWSECLASS
  402FE8 GETUSEMRP@F11BROWSECLASS
  402FEC SETUSEMRP@F11BROWSECLASSUc
  402FF0 SETUSEPOPUP@F11BROWSECLASSUc
  402FF4 SETSORT@F11BROWSECLASSUcUc
  403130 SETQUEUERECORD@F11BROWSECLASS
  403150 SETALERTS@F11BROWSECLASS
  403664 SCROLLPAGE@F11BROWSECLASSl
  403748 SCROLLONE@F11BROWSECLASSl
  4037A8 SCROLLEND@F11BROWSECLASSl
  403820 SAVESORT@F11BROWSECLASS
  403914 RESETTHUMBLIMITS@F11BROWSECLASS
  403A50 RESETSORT@F11BROWSECLASSUc
  403A74 RESETRESETS@F11BROWSECLASS
  403A88 RESETQUEUE@F11BROWSECLASSUc
  404030 RESETFROMVIEW@F11BROWSECLASS
  404068 RESETFROMFILE@F11BROWSECLASS
  40408C RESETFROMBUFFER@F11BROWSECLASS
  4040FC RESETFROMASK@F11BROWSECLASSRUcRUc
  4042F4 REPLACESORT@F11BROWSECLASSsb12LOCATORCLASS9STEPCLASS
  4043CC RECORDS@F11BROWSECLASS
  404434 PREVIOUS@F11BROWSECLASS
  404480 POSTNEWSELECTION@F11BROWSECLASS
  4044D8 NOTIFYUPDATEERROR@F11BROWSECLASS
  4044F8 NEXT@F11BROWSECLASS
  404544 KILL@F11BROWSECLASS
  404788 INITSORT@F11BROWSECLASSUc
  4047DC INIT@F11BROWSECLASS12ILISTCONTROLBi11BROWSEQUEUE15RELATIONMANAGER13WINDOWMANAGER
  4048E8 INIT@F11BROWSECLASSlRsbBiBq15RELATIONMANAGER13WINDOWMANAGER
  40494C FETCH@F11BROWSECLASSUc
  404BD8 CHECKEIP@F11BROWSECLASS
  404C9C ASKRECORD@F11BROWSECLASSUc
  404CB0 ASK@F11BROWSECLASSUc
  404D80 APPLYRANGE@F11BROWSECLASS
  404DEC ADDTOOLBARTARGET@F11BROWSECLASS12TOOLBARCLASS
  404E40 ADDSORTORDER@F11BROWSECLASS9STEPCLASSBk
  404EBC ADDFIELD@F11BROWSECLASSRlRl
  404F1C ADDFIELD@F11BROWSECLASSRuRu
  404F5C RECORDS_@_BROWSEQUEUE_@_STANDARDBEHAVIOR@F11BROWSEQUEUE
  404F68 INSERT_@_BROWSEQUEUE_@_STANDARDBEHAVIOR@F11BROWSEQUEUE
  404F74 INSERT_@_BROWSEQUEUE_@_STANDARDBEHAVIOR@F11BROWSEQUEUEl
  404F80 FETCH_@_BROWSEQUEUE_@_STANDARDBEHAVIOR@F11BROWSEQUEUEl
  404F8C UPDATE_@_BROWSEQUEUE_@_STANDARDBEHAVIOR@F11BROWSEQUEUE
  404F98 DELETE_@_BROWSEQUEUE_@_STANDARDBEHAVIOR@F11BROWSEQUEUE
  404FA4 FREE_@_BROWSEQUEUE_@_STANDARDBEHAVIOR@F11BROWSEQUEUE
  404FB0 WHO_@_BROWSEQUEUE_@_STANDARDBEHAVIOR@F11BROWSEQUEUEl
  404FC0 GETVIEWPOSITION_@_BROWSEQUEUE_@_STANDARDBEHAVIOR@F11BROWSEQUEUE
  404FD8 SETVIEWPOSITION_@_BROWSEQUEUE_@_STANDARDBEHAVIOR@F11BROWSEQUEUEsb
  405010 CHOICE_@_ILISTCONTROL_@_STANDARDBEHAVIOR@F12ILISTCONTROL
  40501C GETCONTROL_@_ILISTCONTROL_@_STANDARDBEHAVIOR@F12ILISTCONTROL
  405020 GETITEMS_@_ILISTCONTROL_@_STANDARDBEHAVIOR@F12ILISTCONTROL
  405054 GETVISIBLE_@_ILISTCONTROL_@_STANDARDBEHAVIOR@F12ILISTCONTROL
  405088 SETCHOICE_@_ILISTCONTROL_@_STANDARDBEHAVIOR@F12ILISTCONTROLl
  4050DC SETCONTROL_@_ILISTCONTROL_@_STANDARDBEHAVIOR@F12ILISTCONTROLl
  4050E0 GETSELECTEDITEM_@_ILISTCONTROL_@_STANDARDBEHAVIOR@F12ILISTCONTROL
  40513C INIT@F16STANDARDBEHAVIORBqRsbl
  405154 TAKENEWSELECTION@F16BROWSEEIPMANAGER
  4051EC TAKECOMPLETED@F16BROWSEEIPMANAGERUc
  4053D4 KILL@F16BROWSEEIPMANAGER
  405408 INIT@F16BROWSEEIPMANAGER
  4057CC CLEARCOLUMN@F16BROWSEEIPMANAGER
  405814 TAKENEWSELECTION@F10EIPMANAGER
  40588C TAKEFOCUSLOSS@F10EIPMANAGER
  4058E0 TAKEFIELDEVENT@F10EIPMANAGER
  405A30 TAKEEVENT@F10EIPMANAGER
  405AC0 TAKECOMPLETED@F10EIPMANAGERUc
  405B0C TAKEACTION@F10EIPMANAGERl
  405E14 TAKEACCEPTALL@F10EIPMANAGER
  405F60 RUN@F10EIPMANAGERUc
  405FF8 RESETCOLUMN@F10EIPMANAGER
  4060C0 GETEDIT@F10EIPMANAGER
  40611C NEXT@F10EIPMANAGER
  4061F8 KILL@F10EIPMANAGER
  406380 INITCONTROLS@F10EIPMANAGER
  40658C INIT@F10EIPMANAGER
  4065F8 CLEARCOLUMN@F10EIPMANAGER
  406640 ADDCONTROL@F10EIPMANAGER9EDITCLASSlUc
  40669C CREATECONTROL@F14EDITENTRYCLASS
  4066C0 RESETCONTROL@F9EDITCLASS
  4066C4 GETFEQ@F9EDITCLASS
  4066C8 TAKEEVENT@F9EDITCLASSl
  406710 TAKEACCEPTED@F9EDITCLASSUc
  406728 SETREADONLY@F9EDITCLASSUc
  406784 SETALERTS@F9EDITCLASS
  406884 KILL@F9EDITCLASS
  4068B4 INIT@F9EDITCLASSllRu
  406A60 KILL_@_WINDOWCOMPONENT_@_HISTHANDLERCLASS@F15WINDOWCOMPONENT
  406A64 RESET_@_WINDOWCOMPONENT_@_HISTHANDLERCLASS@F15WINDOWCOMPONENTUc
  406A68 RESETREQUIRED_@_WINDOWCOMPONENT_@_HISTHANDLERCLASS@F15WINDOWCOMPONENT
  406A6C SETALERTS_@_WINDOWCOMPONENT_@_HISTHANDLERCLASS@F15WINDOWCOMPONENT
  406A70 TAKEEVENT_@_WINDOWCOMPONENT_@_HISTHANDLERCLASS@F15WINDOWCOMPONENT
  406A78 UPDATE_@_WINDOWCOMPONENT_@_HISTHANDLERCLASS@F15WINDOWCOMPONENT
  406A7C UPDATEWINDOW_@_WINDOWCOMPONENT_@_HISTHANDLERCLASS@F15WINDOWCOMPONENT
  406A90 VLBPROC@F16HISTHANDLERCLASSls
  406B3C TAKEEVENT@F16HISTHANDLERCLASS
  406C04 INIT@F16HISTHANDLERCLASSBw10ERRORCLASS16ERRORHISTORYLIST
  406C10 _VLBPROC@F16HISTHANDLERCLASSls
  406C20 TAKEACCEPTED@F11MSGBOXCLASS
  406C5C SETUPADDITIONALFEQS@F11MSGBOXCLASS
  406CE4 KILL@F11MSGBOXCLASS
  406D24 INIT@F11MSGBOXCLASS
  406FD4 INIT@F11MSGBOXCLASSBw10ERRORCLASSOsbllll
  40706C FETCHSTDBUTTON@F11MSGBOXCLASSs
  4070A0 GETALLSTATUSVARIABLES@F10ERRORCLASS16ERRORSTATUSGROUP
  4070D0 GETERRORBUFFERFATALITY@F10ERRORCLASS
  407100 GETERRORBUFFERTITLE@F10ERRORCLASS
  407138 GETERRORBUFFERID@F10ERRORCLASS
  40715C SETMESSAGETEXT@F10ERRORCLASSsb
  4071AC SETKEYNAME@F10ERRORCLASSsb
  4071FC SETFIELDNAME@F10ERRORCLASSsb
  40724C SETFILENAME@F10ERRORCLASSsb
  40729C STOREERRORENTRY@F10ERRORCLASSUs
  4073CC GETHISTORYRESETONVIEW@F10ERRORCLASS
  407418 SETHISTORYRESETONVIEW@F10ERRORCLASSUc
  407460 GETHISTORYVIEWLEVEL@F10ERRORCLASS
  4074AC SETHISTORYVIEWLEVEL@F10ERRORCLASSl
  4074F4 GETHISTORYTHRESHOLD@F10ERRORCLASS
  407540 SETHISTORYTHRESHOLD@F10ERRORCLASSl
  407588 GETLOGERRORS@F10ERRORCLASS
  4075D4 GETSILENT@F10ERRORCLASS
  407620 SETDEFAULTCATEGORY@F10ERRORCLASSsa
  407668 GETDEFAULTCATEGORY@F10ERRORCLASS
  4076B4 VIEWHISTORY@F10ERRORCLASS
  4076E0 THROWMESSAGE@F10ERRORCLASSssb
  407730 THROW@F10ERRORCLASSs
  407744 TAKEUSER@F10ERRORCLASS
  4077A0 TAKEPROGRAM@F10ERRORCLASS
  4077A8 TAKEOTHER@F10ERRORCLASS
  4077B0 TAKENOTIFY@F10ERRORCLASS
  4077FC TAKEFATAL@F10ERRORCLASS
  407888 TAKEERROR@F10ERRORCLASSs
  407A8C TAKEBENIGN@F10ERRORCLASS
  407A90 SUBSSTRING@F10ERRORCLASS
  407E44 SETPROCEDURENAME@F10ERRORCLASSOsb
  407EF4 GETERRORENTRY@F10ERRORCLASSUs15ERRORENTRYGROUPl
  407F98 GETERRORENTRY@F10ERRORCLASSUs15ERRORENTRYGROUP
  407FCC SETID@F10ERRORCLASSUsl
  408004 SETID@F10ERRORCLASSUs
  408020 SETKEY@F10ERRORCLASSsb
  40805C SETFILE@F10ERRORCLASSsb
  408098 SETFIELD@F10ERRORCLASSsb
  4080D4 SETERRORS@F10ERRORCLASS
  408158 SETERRORLOG@F10ERRORCLASS17ERRORLOGINTERFACE
  4081F8 SETCATEGORY@F10ERRORCLASSssa
  408244 RESETHISTORY@F10ERRORCLASS
  40826C REMOVEERROR@F10ERRORCLASSUs
  4082AC MESSAGEBOX@F10ERRORCLASSUcsbOsbOsblll
  408344 MSG@F10ERRORCLASSsbOsbOsblll
  408690 MESSAGE@F10ERRORCLASSsll
  4086F4 KILL@F10ERRORCLASS
  408798 INIT@F10ERRORCLASS16ERRORSTATUSCLASS
  4087F4 INIT@F10ERRORCLASS
  4088C8 HISTORYMSG@F10ERRORCLASSsblll
  408A88 GETPROCEDURENAME@F10ERRORCLASS
  408B5C GETCATEGORY@F10ERRORCLASSs
  408BE4 ADDHISTORY@F10ERRORCLASS
  408C14 ADDERRORS@F10ERRORCLASS10ERRORBLOCK
  408DC0 ADDERROR@F10ERRORCLASSUsRsbRsbUcsa
  408E6C DESTRUCT@F10ERRORCLASS
  408E88 CONSTRUCT@F10ERRORCLASS
  408EA0 DESTRUCT@F16ERRORSTATUSCLASS
  408ED4 CONSTRUCT@F16ERRORSTATUSCLASS
  40900C CLOSE_@_ERRORLOGINTERFACE_@_STANDARDERRORLOGCLASS@F17ERRORLOGINTERFACEUc
  409014 OPEN_@_ERRORLOGINTERFACE_@_STANDARDERRORLOGCLASS@F17ERRORLOGINTERFACEUc
  40901C TAKE_@_ERRORLOGINTERFACE_@_STANDARDERRORLOGCLASS@F17ERRORLOGINTERFACEsb
  4090C0 CLOSE@F21STANDARDERRORLOGCLASSUc
  40913C OPEN@F21STANDARDERRORLOGCLASSUc
  4091E4 DESTRUCT@F21STANDARDERRORLOGCLASS
  4091F0 CONSTRUCT@F21STANDARDERRORLOGCLASS
  40943C REMOVERELATIONFILEMAPPING@F12FILESMANAGER15RELATIONMANAGER
  40945C REMOVERELATIONFILEMAPPING@F12FILESMANAGERl
  409478 REMOVEFILEMAPPING@F12FILESMANAGER11FILEMANAGER
  409494 REMOVEFILEMAPPING@F12FILESMANAGERl
  4094B0 NOTEUSAGE@F12FILESMANAGER11FILEMANAGERUc
  409588 NOTEOPEN@F12FILESMANAGER11FILEMANAGER
  4095CC NOTECLOSE@F12FILESMANAGER11FILEMANAGER
  40965C GETRELATIONFILEMAPPING@F12FILESMANAGERl
  409694 GETFILEMAPPING@F12FILESMANAGERl
  4096CC GETFILEID@F12FILESMANAGERBf
  4096E4 FINDRECORD@F12FILESMANAGER11FILEMANAGER
  409790 ADDFILEMAPPING@F12FILESMANAGER15RELATIONMANAGER
  4097EC ADDFILEMAPPING@F12FILESMANAGER11FILEMANAGER
  409848 DESTRUCT@F12FILESMANAGER
  409888 CONSTRUCT@F12FILESMANAGER
  409FE0 OPENFILE_@_IFILEOPENSERVER_@_UNTHREADEDFILEOPENSERVER@F15IFILEOPENSERVERl
  40A070 CLOSEFILE_@_IFILEOPENSERVER_@_UNTHREADEDFILEOPENSERVER@F15IFILEOPENSERVER
  40A0F0 LINK_@_IFILEOPENSERVER_@_UNTHREADEDFILEOPENSERVER@F15IFILEOPENSERVER
  40A140 RELEASE_@_IFILEOPENSERVER_@_UNTHREADEDFILEOPENSERVER@F15IFILEOPENSERVER
  40A1CC INIT@F24UNTHREADEDFILEOPENSERVERBf
  40A1E0 DESTRUCT@F24UNTHREADEDFILEOPENSERVER
  40A204 CONSTRUCT@F24UNTHREADEDFILEOPENSERVER
  40A234 OPENFILE_@_IFILEOPENSERVER_@_THREADEDFILEOPENSERVER@F15IFILEOPENSERVERl
  40A260 CLOSEFILE_@_IFILEOPENSERVER_@_THREADEDFILEOPENSERVER@F15IFILEOPENSERVER
  40A270 LINK_@_IFILEOPENSERVER_@_THREADEDFILEOPENSERVER@F15IFILEOPENSERVER
  40A27C RELEASE_@_IFILEOPENSERVER_@_THREADEDFILEOPENSERVER@F15IFILEOPENSERVER
  40A288 RELEASE@F14FILEOPENSERVER
  40A2B4 LINK@F14FILEOPENSERVER
  40A2B8 INIT@F14FILEOPENSERVERBf
  40A2BC DESTRUCT@F14FILEOPENSERVER
  40A2C4 CONSTRUCT@F14FILEOPENSERVER
  40A2D0 VALIDATERECORD@F11VIEWMANAGER
  40A2D4 UNUSEVIEW@F11VIEWMANAGER
  40A36C USEVIEW@F11VIEWMANAGER
  40A430 SETSORT@F11VIEWMANAGERUc
  40A45C SETORDER@F11VIEWMANAGERsb
  40A4EC SETFILTER@F11VIEWMANAGERsbsb
  40A628 SETFILTER@F11VIEWMANAGERsb
  40A670 SAVEBUFFERS@F11VIEWMANAGER
  40A720 RESTOREBUFFERS@F11VIEWMANAGER
  40A788 RESET@F11VIEWMANAGER
  40A794 RESET@F11VIEWMANAGERUc
  40A7DC PRIMERECORD@F11VIEWMANAGERUc
  40A920 PREVIOUS@F11VIEWMANAGER
  40A984 OPEN@F11VIEWMANAGER
  40AA00 NEXT@F11VIEWMANAGER
  40AA64 KILL@F11VIEWMANAGER
  40ABBC INIT@F11VIEWMANAGERBi15RELATIONMANAGER9SORTORDER
  40AC1C GETFREEELEMENTPOSITION@F11VIEWMANAGER
  40AC74 GETFREEELEMENTNAME@F11VIEWMANAGER
  40ACC8 GETFREEELEMENTASCENDING@F11VIEWMANAGER
  40AD20 CLEARFILESRECORD@F11VIEWMANAGER
  40ADD8 CLOSE@F11VIEWMANAGERUc
  40ADF4 CLOSE@F11VIEWMANAGER
  40AE00 APPLYRANGE@F11VIEWMANAGER
  40AFCC APPLYORDER@F11VIEWMANAGER
  40B024 APPLYFILTER@F11VIEWMANAGER
  40B588 APPENDORDER@F11VIEWMANAGERsb
  40B668 ADDSORTORDER@F11VIEWMANAGERBk
  40B734 DESTRUCT@F11VIEWMANAGER
  40B748 DEFEREDADDRELATIONS@F15RELATIONMANAGER
  40B74C UPDATESECONDARY@F15RELATIONMANAGERBk18BUFFEREDPAIRSCLASSUc
  40B8DC UPDATE@F15RELATIONMANAGERUc
  40BAF0 INSERT@F15RELATIONMANAGER
  40BC48 SETQUICKSCAN@F15RELATIONMANAGERUcUc
  40BD54 SAVE@F15RELATIONMANAGER
  40BD9C FORCEOPEN@F15RELATIONMANAGERUc
  40BDAC OPEN@F15RELATIONMANAGERUc
  40BDD4 OPENCLOSESERVER@F15RELATIONMANAGERUcUc
  40BF58 LOGOUTINSERT@F15RELATIONMANAGER
  40BFEC LOGOUTUPDATE@F15RELATIONMANAGER
  40C058 LOGOUTPRIME@F15RELATIONMANAGER
  40C138 LOGOUTDELETE@F15RELATIONMANAGER
  40C1B4 KILL@F15RELATIONMANAGER
  40C238 INIT@F15RELATIONMANAGER11FILEMANAGERUc
  40C270 DELETESECONDARY@F15RELATIONMANAGERBk18BUFFEREDPAIRSCLASSUcUc
  40C508 DELETE@F15RELATIONMANAGERUc
  40C754 CLOSE@F15RELATIONMANAGERUc
  40C760 CASCADEUPDATES@F15RELATIONMANAGER
  40C83C CANCELAUTOINC@F15RELATIONMANAGER
  40C850 DEFEREDRELATIONS@F15RELATIONMANAGER
  40C878 CONSTRUCT@F15RELATIONMANAGER
  40C880 FUNCTIONCALLED_@_FILECALLBACKINTERFACE_@_FILEMANAGER@F21FILECALLBACKINTERFACEl6PARAMSRscRsc
  40C92C FUNCTIONDONE_@_FILECALLBACKINTERFACE_@_FILEMANAGER@F21FILECALLBACKINTERFACEl6PARAMSRscRsc
  40CA78 POSTCREATE@F11FILEMANAGERRscRsc
  40CA80 PRECREATE@F11FILEMANAGERRscRsc
  40CA88 POSTFETCH@F11FILEMANAGERlBksbllRscRsc
  40CAAC PREFETCH@F11FILEMANAGERlBksbllRscRsc
  40CAD0 POSTUPDATE@F11FILEMANAGERRscRsc
  40CAD8 PREUPDATE@F11FILEMANAGERllRscRsc
  40CAE0 POSTINSERT@F11FILEMANAGERRscRsc
  40CAE8 PREINSERT@F11FILEMANAGERllRscRsc
  40CAF0 POSTDELETE@F11FILEMANAGERRscRsc
  40CAF8 PREDELETE@F11FILEMANAGERRscRsc
  40CB00 FUNCTIONDONE@F11FILEMANAGERl6PARAMSRscRsc
  40CC34 FUNCTIONCALLED@F11FILEMANAGERl6PARAMSRscRsc
  40CD98 GETHASAUTOINC@F11FILEMANAGER
  40CDA0 GETAUTOINCDONE@F11FILEMANAGER
  40CDA8 GETMRPSIZE@F11FILEMANAGER
  40CDB0 SETMRPSIZE@F11FILEMANAGERUc
  40CDB8 GETUSEMRP@F11FILEMANAGER
  40CDC0 SETUSEMRP@F11FILEMANAGERUc
  40CDC8 DELETED@F11FILEMANAGER
  40CDCC DELETERECORD@F11FILEMANAGERUc
  40CE20 VALIDATERECORD@F11FILEMANAGERPl
  40CED8 VALIDATEFIELDS@F11FILEMANAGERllPl
  40CF94 VALIDATEFIELDSERVER@F11FILEMANAGERlUc
  40D000 TRYVALIDATEFIELD@F11FILEMANAGERl
  40D010 VALIDATEFIELD@F11FILEMANAGERl
  40D020 USEFILE@F11FILEMANAGERUc
  40D114 UPDATESERVER@F11FILEMANAGERUc
  40D20C UPDATE@F11FILEMANAGER
  40D218 TRYUPDATE@F11FILEMANAGER
  40D224 TRYREGET@F11FILEMANAGERsb
  40D2CC TRYPRIMEAUTOINC@F11FILEMANAGER
  40D2D8 TRYPREVIOUS@F11FILEMANAGER
  40D2E8 TRYOPEN@F11FILEMANAGER
  40D2F8 TRYNEXT@F11FILEMANAGER
  40D308 TRYINSERT@F11FILEMANAGER
  40D314 TRYFETCH@F11FILEMANAGERBk
  40D35C THROWMESSAGE@F11FILEMANAGERUssb
  40D3B0 THROW@F11FILEMANAGER
  40D3D4 THROW@F11FILEMANAGERUs
  40D3EC SETKEY@F11FILEMANAGERBk
  40D444 SETERRORS@F11FILEMANAGER10ERRORCLASS
  40D448 SETERROR@F11FILEMANAGERUs
  40D460 SAVEFILE@F11FILEMANAGER
  40D57C SAVEBUFFER@F11FILEMANAGER
  40D6D4 RESTOREFILE@F11FILEMANAGERRUs11FILEMANAGERUc
  40D804 RESTOREFILE@F11FILEMANAGERRUsUc
  40D814 RESTOREBUFFER@F11FILEMANAGERRUs11FILEMANAGERUc
  40D984 RESTOREBUFFER@F11FILEMANAGERRUsUc
  40D994 PRIMERECORD@F11FILEMANAGERUc
  40DAA0 PRIMEFIELDS@F11FILEMANAGER
  40DAA4 PRIMEAUTOINCSERVER@F11FILEMANAGERUc
  40E054 PRIMEAUTOINC@F11FILEMANAGER
  40E060 PREVIOUS@F11FILEMANAGER
  40E070 POSITION@F11FILEMANAGER
  40E0F0 OPENSERVER@F11FILEMANAGERUcUc
  40E150 OPENFILE@F11FILEMANAGERUc
  40E370 OPEN@F11FILEMANAGER
  40E380 NEXTSERVER@F11FILEMANAGERUcUc
  40E49C NEXT@F11FILEMANAGER
  40E4AC KILL@F11FILEMANAGER
  40E4F0 KEYTOORDER@F11FILEMANAGERBkUc
  40E63C ISOPENED@F11FILEMANAGER
  40E65C INSERTSERVER@F11FILEMANAGERUc
  40E874 INSERT@F11FILEMANAGER
  40E880 INIT@F11FILEMANAGERBf10ERRORCLASS
  40E960 INIT@F11FILEMANAGER
  40E99C GETOPENED@F11FILEMANAGER
  40E9A4 GETNAME@F11FILEMANAGER
  40EA2C GETFIELDNAME@F11FILEMANAGERBkUc
  40EA7C GETFIELDASCENDING@F11FILEMANAGERBkUc
  40EAB0 GETFIELD@F11FILEMANAGERBkUc
  40EAEC GETEOF@F11FILEMANAGER
  40EAF4 GETCOMPONENTS@F11FILEMANAGERBk
  40EB10 FETCH@F11FILEMANAGERBk
  40EB48 EQUALBUFFER@F11FILEMANAGERRUs
  40EC84 CLOSE@F11FILEMANAGER
  40ED18 CLEARKEY@F11FILEMANAGERBkUcUcUc
  40EDC8 CANCELAUTOINC@F11FILEMANAGER15RELATIONMANAGER
  40EE38 BINDFIELDS@F11FILEMANAGER
  40EE5C ADDKEY@F11FILEMANAGERBksbUc
  40F154 DESTRUCT@F11FILEMANAGER
  40F188 SETOPTION@F10FUZZYCLASSUcUc
  40F1EC KILL@F10FUZZYCLASS
  40F1F0 INIT@F10FUZZYCLASS
  40F204 CONSTRUCT@F10FUZZYCLASS
  40F578 TOOLBOX@F10POPUPCLASSsb
  40F604 SETTOOLBOX@F10POPUPCLASSsbUc
  40F670 SETICON@F10POPUPCLASSsbsb
  40F6E8 SETITEMENABLE@F10POPUPCLASSsbUc
  40F794 SETITEM@F10POPUPCLASSllsbsb
  40F9B0 RESETTOOLBOX@F10POPUPCLASS
  40FDB8 LOCATENAME@F10POPUPCLASSsb
  40FE3C KILL@F10POPUPCLASS
  40FE58 INIT@F10POPUPCLASS
  40FE8C GETNAME@F10POPUPCLASSl
  40FFB4 GETMENUTEXT@F10POPUPCLASS
  41029C GETLASTSELECTION@F10POPUPCLASS
  4102AC GETITEMS@F10POPUPCLASSUc
  410358 EXECUTEPOPUP@F10POPUPCLASSsbllUc
  410430 EMPTYITEMS@F10POPUPCLASS
  41043C DELETEITEM@F10POPUPCLASSsb
  410484 CHECKMIMICS@F10POPUPCLASS
  410644 ASKTOOLBOX@F10POPUPCLASSsb
  410AE8 ASK@F10POPUPCLASSllUc
  410C44 ASK@F10POPUPCLASSll
  410C54 ADDSUBMENU@F10POPUPCLASSsbsbsb
  410D14 ADDSUBMENU@F10POPUPCLASSsbsb
  410D7C ADDMENU@F10POPUPCLASSsbUc
  410ED8 ADDITEMMIMIC@F10POPUPCLASSsblOsb
  410FB8 ADDITEMEVENT@F10POPUPCLASSsbll
  41109C ADDITEM@F10POPUPCLASSsbsbsbUc
  411130 ADDITEM@F10POPUPCLASSsbsb
  4111A0 ADDITEM@F10POPUPCLASSsb
  411BF8 CLEARQUERY@F10QUERYCLASS
  411CA0 GETQUERIES@F10QUERYCLASS11SECTORQUEUE
  411D40 RESTORE@F10QUERYCLASSsb
  4124D0 TAKE@F10QUERYCLASS10POPUPCLASS
  412570 SAVE@F10QUERYCLASSsb
  4126CC SETQUICKPOPUP@F10QUERYCLASS10POPUPCLASSUs
  412C84 QUOTE@F10QUERYCLASSsb
  412D68 GETLIMIT@F10QUERYCLASSRscRscRUcUcRsc
  413324 GETFILTER@F10QUERYCLASS
  413830 MAKEOPERATOR@FsbsbRscRsc
  413BFC MAKEOPERATOR@Fsbsb
  413E00 SETPRIORITIES@F17WINDOWRESIZECLASS13POSITIONGROUP
  413E4C SETSIZE@F17WINDOWRESIZECLASSl13POSITIONGROUP
  413F00 GETSIZEINFO@F17WINDOWRESIZECLASSl13POSITIONGROUP
  414014 RESTORECONTROLS@F17WINDOWRESIZECLASS
  414068 TAKERESIZE@F17WINDOWRESIZECLASS
  414070 SETPOSITION@F17WINDOWRESIZECLASSl13POSITIONGROUP13POSITIONGROUP13POSITIONGROUP13POSITIONGROUP
  414754 SETPARENTDEFAULT@F17WINDOWRESIZECLASS
  414A40 SETPARENTDEFAULTS@F17WINDOWRESIZECLASS
  414A7C SETPARENTCONTROL@F17WINDOWRESIZECLASSll
  414AF0 RESTOREWINDOW@F17WINDOWRESIZECLASS
  414B9C WINDOWRESIZEEND@F17WINDOWRESIZECLASS
  414BA0 WINDOWRESIZEBEGIN@F17WINDOWRESIZECLASS
  414BA4 RESIZECHILDREN@F17WINDOWRESIZECLASSl13POSITIONGROUP13POSITIONGROUP
  414D6C RESIZE@F17WINDOWRESIZECLASSl
  4150A4 RESIZE@F17WINDOWRESIZECLASS
  4150B4 RESET@F17WINDOWRESIZECLASS
  4153A4 KILL@F17WINDOWRESIZECLASS
  415430 INIT@F17WINDOWRESIZECLASSUcUcUc
  415640 GETCURRENTPOS@F17WINDOWRESIZECLASSl13POSITIONGROUP
  41567C GETORIGPOS@F17WINDOWRESIZECLASSl13POSITIONGROUP
  4156CC GETRESIZESTRATEGY@F17WINDOWRESIZECLASSsOUc
  41584C GETPOSITIONSTRATEGY@F17WINDOWRESIZECLASSsOUc
  4159C4 GETPARENTCONTROL@F17WINDOWRESIZECLASSl
  415A7C TAKEEVENT@F12TOOLBARCLASSPl13WINDOWMANAGER
  415AA8 SETTARGET@F12TOOLBARCLASSl
  415B50 KILL@F12TOOLBARCLASS
  415B68 INIT@F12TOOLBARCLASS
  415B88 DISPLAYBUTTONS@F12TOOLBARCLASS
  415BB0 ADDTARGET@F12TOOLBARCLASS13TOOLBARTARGETl
  415BE4 TRYTAKETOOLBAR@F18TOOLBARUPDATECLASS
  415BF0 TAKEEVENT@F18TOOLBARUPDATECLASSPl13WINDOWMANAGER
  415C2C TAKETOOLBAR@F18TOOLBARUPDATECLASS
  415C74 DISPLAYBUTTONS@F18TOOLBARUPDATECLASS
  415D34 TRYTAKETOOLBAR@F19TOOLBARLISTBOXCLASS
  415D88 TAKEEVENT@F19TOOLBARLISTBOXCLASSPl13WINDOWMANAGER
  415ED0 TAKETOOLBAR@F19TOOLBARLISTBOXCLASS
  415EF4 DISPLAYBUTTONS@F19TOOLBARLISTBOXCLASS
  415F20 TAKEEVENT@F13TOOLBARTARGETPl13WINDOWMANAGER
  415FA0 DISPLAYBUTTONS@F13TOOLBARTARGET
  416184 SETTIPS@Fsb
  4162AC UPDATEQUEUE@F8INICLASSsbsbBqRuPuPuPu
  4164D0 UPDATE@F8INICLASSsbsbsb
  41658C UPDATE@F8INICLASSsbBw
  41676C UPDATE@F8INICLASS
  416770 TRYFETCH@F8INICLASSsbsb
  4167E8 REMOVE@F8INICLASSsbsb
  416950 KILL@F8INICLASS
  416A88 INIT@F8INICLASSsbll
  416BA0 GETSECTORS@F8INICLASSOsbOsbOsb11SECTORQUEUE
  416DB0 GETSECTOR@F8INICLASSsbsbsb
  416EA0 GETFAMILY@F8INICLASSsbRscRscRsc
  417024 FETCHQUEUE@F8INICLASSsbsbBqRuPuPuPu
  417298 FETCHFIELD@F8INICLASSsbsbUc
  4173D8 FETCH@F8INICLASSsbsbRu
  41749C FETCH@F8INICLASSsbBw
  4176FC FETCH@F8INICLASSsbsb
  4177D4 FETCH@F8INICLASS
  4177D8 ADDSECTOR@F8INICLASSsb
  4178B8 UPDATEWINDOWINFO@F8INICLASSsb10WINDOWINFO
  417B24 FETCHWINDOWINFO@F8INICLASSsb10WINDOWINFO
  417D9C UPDATE@F8INICLASSsbsbsbsb
  417F88 FETCH@F8INICLASSsbsbsbsb
  4181AC DESTRUCT@F8INICLASS
  4181C8 CONSTRUCT@F8INICLASS
  4181DC KILL@F18BUFFEREDPAIRSCLASS
  418258 INIT@F18BUFFEREDPAIRSCLASS
  418278 EQUALRIGHTBUFFER@F18BUFFEREDPAIRSCLASSUc
  418308 EQUALLEFTBUFFER@F18BUFFEREDPAIRSCLASSUc
  418394 EQUALRIGHTBUFFER@F18BUFFEREDPAIRSCLASS
  4183A0 EQUALLEFTBUFFER@F18BUFFEREDPAIRSCLASS
  4183AC ASSIGNRIGHTTOBUFFER@F18BUFFEREDPAIRSCLASS
  4183F4 ASSIGNLEFTTOBUFFER@F18BUFFEREDPAIRSCLASS
  418438 ASSIGNBUFFERTORIGHT@F18BUFFEREDPAIRSCLASS
  418480 ASSIGNBUFFERTOLEFT@F18BUFFEREDPAIRSCLASS
  4184C4 ADDPAIR@F18BUFFEREDPAIRSCLASSRuRu
  418564 INIT@F15FIELDPAIRSCLASS
  418580 KILL@F15FIELDPAIRSCLASS
  4185E4 EQUALLEFTRIGHT@F15FIELDPAIRSCLASS
  418634 EQUAL@F15FIELDPAIRSCLASS
  41863C CLEARRIGHT@F15FIELDPAIRSCLASS
  418678 CLEARLEFT@F15FIELDPAIRSCLASS
  4186B0 ASSIGNRIGHTTOLEFT@F15FIELDPAIRSCLASS
  4186F4 ASSIGNLEFTTORIGHT@F15FIELDPAIRSCLASS
  418738 ADDPAIR@F15FIELDPAIRSCLASSRuRu
  41877C NEXT@F13CONSTANTCLASS
  418938 SET@F13CONSTANTCLASSRsb
  41898C RESET@F13CONSTANTCLASS
  4189DC KILL@F13CONSTANTCLASS
  418A3C INIT@F13CONSTANTCLASSUc
  418A80 GETCSTRING@F13CONSTANTCLASS
  418B00 GETPSTRING@F13CONSTANTCLASS
  418B8C GETLONG@F13CONSTANTCLASS
  418BB0 GETUSHORT@F13CONSTANTCLASS
  418BD8 GETSHORT@F13CONSTANTCLASS
  418BE0 GETBYTE@F13CONSTANTCLASS
  418BF4 ADDITEM@F13CONSTANTCLASSUcRu
  418C30 CONSTRUCT@F13CONSTANTCLASS
  418C48 REMOVEDOLLAR@Fsb
  418D1C ADDDOLLAR@Fsb
  418EA0 SAVEONINSERTACTION@F13WINDOWMANAGER
  418F44 SAVEONCHANGEACTION@F13WINDOWMANAGER
  41905C DELETEACTION@F13WINDOWMANAGER
  419218 CHANGEACTION@F13WINDOWMANAGER
  419588 INSERTACTION@F13WINDOWMANAGER
  419778 TAKEDISABLEBUTTON@F13WINDOWMANAGERlUc
  4197A0 UPDATE@F13WINDOWMANAGER
  4197DC TAKEWINDOWEVENT@F13WINDOWMANAGER
  419A04 TAKESELECTED@F13WINDOWMANAGER
  419A08 TAKEREJECTED@F13WINDOWMANAGER
  419A44 TAKENOTIFY@F13WINDOWMANAGERlll
  419A48 TAKENEWSELECTION@F13WINDOWMANAGER
  419AC8 TAKEFIELDEVENT@F13WINDOWMANAGER
  419ACC TAKEEVENT@F13WINDOWMANAGER
  419C80 TAKECLOSEEVENT@F13WINDOWMANAGER
  419E24 TAKECOMPLETED@F13WINDOWMANAGER
  419EFC TAKEACCEPTED@F13WINDOWMANAGER
  419FE8 SETRESPONSE@F13WINDOWMANAGERUc
  41A034 SETALERTS@F13WINDOWMANAGER
  41A0E4 SAVEHISTORY@F13WINDOWMANAGER
  41A18C RUN@F13WINDOWMANAGERUsUc
  41A190 RUN@F13WINDOWMANAGER
  41A1DC RESTOREFIELD@F13WINDOWMANAGERl
  41A2B0 RESETBUFFERS@F13WINDOWMANAGERUc
  41A314 RESET@F13WINDOWMANAGERUc
  41A39C PRIMEUPDATE@F13WINDOWMANAGER
  41A4E0 PRIMEFIELDS@F13WINDOWMANAGER
  41A4E4 POSTCOMPLETED@F13WINDOWMANAGER
  41A57C OPEN@F13WINDOWMANAGERBwBw
  41A5C4 OPEN@F13WINDOWMANAGER
  41A608 MODALEVENT@F13WINDOWMANAGER
  41A6EC KILL@F13WINDOWMANAGER
  41A840 INIT@F13WINDOWMANAGER
  41A8BC REMOVEITEM@F13WINDOWMANAGER15WINDOWCOMPONENT
  41A8F4 ASK@F13WINDOWMANAGER
  41A958 ADDUPDATEFILE@F13WINDOWMANAGER11FILEMANAGER
  41A998 ADDITEM@F13WINDOWMANAGER17WINDOWRESIZECLASS
  41A9A0 ADDITEM@F13WINDOWMANAGER15WINDOWCOMPONENT
  41A9CC ADDITEM@F13WINDOWMANAGER18TOOLBARUPDATECLASS
  41AA24 ADDITEM@F13WINDOWMANAGER12TOOLBARCLASS
  41AA38 ADDITEM@F13WINDOWMANAGERlUc
  41AA5C ADDITEM@F13WINDOWMANAGER11BROWSECLASS
  41AA84 ADDHISTORYFILE@F13WINDOWMANAGERRgRg
  41AADC ADDHISTORYFIELD@F13WINDOWMANAGERll
  41AB04 DISABLECANCELCONTROLS@F13WINDOWMANAGER
  41AB5C ENABLECANCELCONTROLS@F13WINDOWMANAGER
  41B0D0 BROWSESUPPLIERS_COFFEE$BROWSESUPPLIERS@F
  41B2C0 KILL@F19HIDE:RELATE:CONTROL
  41B308 INIT@F19HIDE:RELATE:CONTROL
  41B340 USEFILE@F19HIDE:ACCESS:CONTROLUc
  41B3E4 KILL@F19HIDE:ACCESS:CONTROL
  41B404 INIT@F19HIDE:ACCESS:CONTROL
  41B484 KILL@F21HIDE:RELATE:SUPPLIERS
  41B4CC INIT@F21HIDE:RELATE:SUPPLIERS
  41B504 USEFILE@F21HIDE:ACCESS:SUPPLIERSUc
  41B578 KILL@F21HIDE:ACCESS:SUPPLIERS
  41B598 INIT@F21HIDE:ACCESS:SUPPLIERS
  41B618 COFFEE_BC0$COFFEE_BC0:FILESINIT@F
  41B644 COFFEE_BC0$COFFEE_BC0:DCTKILL@F
  41B694 COFFEE_BC0$COFFEE_BC0:DCTINIT@F
  41B768 DCTKILL@F
  41B770 DCTINIT@F
  41B77C _main
  41B814 DESTRUCT@F10DICTIONARY
  41B81C CONSTRUCT@F10DICTIONARY
  41BCDC CONTROLEDIT_COFFEE$CONTROLEDIT@F
  41BE80 GETIFACE@F15CRITICALSECTION
  41BE84 DESTRUCT@F15CRITICALSECTION
  41BE98 CONSTRUCT@F15CRITICALSECTION
  41BEAC KILL@F17CRITICALPROCEDURE
  41BED0 INIT@F17CRITICALPROCEDURE11ISYNCOBJECT
  41BEF0 DESTRUCT@F17CRITICALPROCEDURE
  41BEF8 CONSTRUCT@F17CRITICALPROCEDURE
  41C228 __thr_inst0
  41C238 __thr_init_entry
  41C258 __thr_init_exit
  41C6AC MAIN@F
  41CCDC UPDATESUPPLIERS_COFFEE$UPDATESUPPLIERS@F
  41D000 $DEFAULTERRORS
  41E394 TYPE$BROWSECLASS
  41E77C TYPE$BROWSEEIPMANAGER
  41EA50 VMT$BROWSEEIPMANAGER
  41EAF4 VMT$BROWSECLASS
  41ECC8 TYPE$STANDARDBEHAVIOR
  41ED04 VMT$STANDARDBEHAVIOR
  41ED78 TYPE$COLORMAP
  41EDA4 TCB$COLORMAP
  41EDB4 TYPE$EDITENTRYCLASS
  41EDFC VMT$EDITENTRYCLASS
  41EF9C STDERRORFILE$TYPE$RECORD
  41EFB4 $STDERRORFILE
  41F030 TYPE$PNQ
  41F050 TYPE$DEFAULTERRORS
  41F2D0 TYPE$HISTHANDLERCLASS
  41F318 VMT$HISTHANDLERCLASS
  41F348 TYPE$MSGBOXCLASS
  41F5C0 VMT$MSGBOXCLASS
  41F648 TYPE$ERRORCLASS
  41F8A4 VMT$ERRORCLASS
  41F8F0 TYPE$STANDARDERRORLOGCLASS
  41F928 VMT$STANDARDERRORLOGCLASS
  41F940 TYPE$ERRORSTATUSCLASS
  41FA34 VMT$ERRORSTATUSCLASS
  41FAC4 TYPE$UNTHREADEDFILEOPENERMAP
  41FAE8 TCB$UNTHREADEDFILEOPENERMAP
  41FAF8 TYPE$FILESMANAGER
  41FB3C VMT$FILESMANAGER
  41FB48 TYPE$FILEMAPPING_T
  41FB74 TYPE$FILEMAPPING_R
  41FBA4 TYPE$STATUSQ_T
  41FC0C TYPE$UNTHREADEDFILEOPENSERVER
  41FC68 VMT$UNTHREADEDFILEOPENSERVER
  41FC8C TYPE$THREADEDFILEOPENSERVER
  41FCCC VMT$THREADEDFILEOPENSERVER
  41FED4 TYPE$FUZZYCLASS
  41FF7C VMT$FUZZYCLASS
  41FFB8 TYPE$POPUPITEMQUEUE
  420028 TYPE$POPUPCLASS
  4200D4 VMT$POPUPCLASS
  4201C4 TYPE$FIELDQUEUE
  42027C TYPE$WINDOWRESIZECLASS
  4204BC TYPE$TOOLBARTARGETQUEUE
  4204D8 $UPDATECHANGETIPS
  4205E4 $UPDATEINSERTTIPS
  420624 $LISTBOXTIPS
  4206E0 TYPE$TOOLBARCLASS
  4206F8 VMT$TOOLBARCLASS
  420710 TYPE$TOOLBARUPDATECLASS
  420798 VMT$TOOLBARUPDATECLASS
  4207B4 TYPE$TOOLBARLISTBOXCLASS
  420830 VMT$TOOLBARLISTBOXCLASS
  4208D8 TYPE$CONSTDESCRIPTORLIST
  420900 TYPE$CONSTANTCLASS
  4209A0 VMT$CONSTANTCLASS
  4209AC TYPE$INICLASS
  4209F4 VMT$INICLASS
  420A80 TYPE$BUFFEREDPAIRSCLASS
  420AA4 VMT$BUFFEREDPAIRSCLASS
  420ADC TYPE$FIELDPAIRSCLASS
  420AF4 VMT$FIELDPAIRSCLASS
  420B24 TYPE$FILELIST
  420B48 TYPE$HISTORYLIST
  420B80 TYPE$BUTTONLIST
  420BA4 TYPE$COMPONENTLIST
  421554 TYPE$HIDE:RELATE:CONTROL
  4215F8 VMT$HIDE:RELATE:CONTROL
  421634 TYPE$HIDE:ACCESS:CONTROL
  421844 VMT$HIDE:ACCESS:CONTROL
  421934 TYPE$HIDE:RELATE:SUPPLIERS
  4219D8 VMT$HIDE:RELATE:SUPPLIERS
  421A14 TYPE$HIDE:ACCESS:SUPPLIERS
  421C24 VMT$HIDE:ACCESS:SUPPLIERS
  421D64 TYPE$DICTIONARY
  421D74 VMT$DICTIONARY
  421D80 CONTROL$TYPE$CONTROL:RECORD
  421DC0 SUPPLIERS$TYPE$SUP:RECORD
  422240 TYPE$CRITICALSECTION
  422258 VMT$CRITICALSECTION
  422264 TYPE$CRITICALPROCEDURE
  42227C VMT$CRITICALPROCEDURE
  422BE0 VMTP$DICTIONARY
  422BE8 VMTP$HIDE:RELATE:CONTROL
  422BF0 VMTP$HIDE:ACCESS:CONTROL
  422BF8 VMTP$HIDE:RELATE:SUPPLIERS
  422C00 VMTP$HIDE:ACCESS:SUPPLIERS
  422C30 VMTP$FILESMANAGER
  422C38 VMTP$UNTHREADEDFILEOPENSERVER
  422C40 VMTP$THREADEDFILEOPENSERVER
  422C48 VMTP$CONSTANTCLASS
  422C50 VMTP$INICLASS
  422C58 VMTP$BUFFEREDPAIRSCLASS
  422C60 VMTP$FIELDPAIRSCLASS
  422C68 VMTP$POPUPCLASS
  422C70 VMTP$TOOLBARCLASS
  422C78 VMTP$TOOLBARUPDATECLASS
  422C80 VMTP$TOOLBARLISTBOXCLASS
  422C88 VMTP$EDITENTRYCLASS
  422C90 VMTP$BROWSEEIPMANAGER
  422C98 VMTP$BROWSECLASS
  422CA0 VMTP$STANDARDBEHAVIOR
  422CA8 VMTP$HISTHANDLERCLASS
  422CB0 VMTP$MSGBOXCLASS
  422CB8 VMTP$ERRORCLASS
  422CC0 VMTP$STANDARDERRORLOGCLASS
  422CC8 VMTP$ERRORSTATUSCLASS
  422CD0 VMTP$FUZZYCLASS
  422CD8 VMTP$CRITICALSECTION
  422CE0 VMTP$CRITICALPROCEDURE
  422CF0 $FUZZYMATCHER
  424314 $COLORMAP
  42434C $MULTIWINDOW
  424350 $TXTWINDOW
  424354 $WINDOW
  424358 STDERRORFILE$RECORD
  424758 $UNTHREADEDFILEOPENERMAP
  424760 $CREATEOPENERCRIT
  424870 $GLOBALERRORS
  4248A4 $INIMGR
  4249BC MEMOS$CONTROL
  42502C CONTROL$CONTROL:KCONTROLID
  425050 KEYS$CONTROL
  425054 $CONTROL
  4250A8 $SUPPLIERS
  425150 $EPOC
  4251B8 $GLOBALERRORSTATUS
  4264DC $GLOBALREQUEST
  4264E0 $GLOBALRESPONSE
  4264E4 $VCRREQUEST
  4264E8 $DICTIONARY
  4264EC CONTROL$CONTROL:RECORD
  42651C SUPPLIERS$SUP:RECORD
  4266F4 $RELATE:CONTROL
  4266F8 $ACCESS:CONTROL
  4266FC $RELATE:SUPPLIERS
  426700 $ACCESS:SUPPLIERS
  426704 COFFEE_BC0$_HIDE:RELATE:CONTROL
  426708 COFFEE_BC0$_HIDE:ACCESS:CONTROL
  42670C COFFEE_BC0$_HIDE:RELATE:SUPPLIERS
  426710 COFFEE_BC0$_HIDE:ACCESS:SUPPLIERS
  426924 $FILESMANAGER
  42693C $SZDBTEXTLOG
  428000 __import_section_start
  4297FC __import_section_end

Imports
ClaASC.dll:ASCII 42806C
ClaMSS.dll:MSSQL 42807C
ClaRUN.dll:Cla$ACCEPTED 4283CC,401000
ClaRUN.dll:Cla$ADDqueue 4283D0
ClaRUN.dll:Cla$ADDqueuekey 4283D4,401008
ClaRUN.dll:Cla$ADDqueueptr 4283D8
ClaRUN.dll:Cla$AssignLong2RefUfo 4283DC
ClaRUN.dll:Cla$AssignReal2RefUfo 4283E0
ClaRUN.dll:Cla$AssignRefUfo 4283E4
ClaRUN.dll:Cla$BEEP 4283E8,401010
ClaRUN.dll:Cla$BindG 4283EC
ClaRUN.dll:Cla$CHOICE 4283F0,401018
ClaRUN.dll:Cla$CLEAR 4283F4
ClaRUN.dll:Cla$CLEARqueue 4283F8
ClaRUN.dll:Cla$clearstr 4283FC
ClaRUN.dll:Cla$ClearType 428400
ClaRUN.dll:Cla$ClearUfo 428404
ClaRUN.dll:Cla$CLOCK 428408,401020
ClaRUN.dll:Cla$CloneUfo 42840C
ClaRUN.dll:Cla$CLOSEwindow 428410,401028
ClaRUN.dll:Cla$code 428414
ClaRUN.dll:Cla$COMMIT 428418,401030
ClaRUN.dll:Cla$comparestr 42841C
ClaRUN.dll:Cla$CREATE 428420
ClaRUN.dll:Cla$DecAdd 428424
ClaRUN.dll:Cla$DecCompareN 428428
ClaRUN.dll:Cla$DecDistinct 42842C
ClaRUN.dll:Cla$DecDistinctR 428430
ClaRUN.dll:Cla$DecDivide 428434
ClaRUN.dll:Cla$DecMul 428438
ClaRUN.dll:Cla$DecSub 42843C
ClaRUN.dll:Cla$DecSubR 428440
ClaRUN.dll:Cla$DELETEqueue 428444,401038
ClaRUN.dll:Cla$DELETEREG 428448,401040
ClaRUN.dll:Cla$DESTROY 42844C,401048
ClaRUN.dll:Cla$DISABLE 428450,401050
ClaRUN.dll:Cla$DISPLAY 428454,401058
ClaRUN.dll:Cla$DISPOSEqueue 428458
ClaRUN.dll:Cla$DISPOSEref 42845C
ClaRUN.dll:Cla$DISPOSEvref 428460
ClaRUN.dll:Cla$Dlongpower 428464
ClaRUN.dll:Cla$DPopDec 428468
ClaRUN.dll:Cla$DPopLong 42846C
ClaRUN.dll:Cla$DPopReal 428470
ClaRUN.dll:Cla$DPushDec 428474
ClaRUN.dll:Cla$DPushLong 428478
ClaRUN.dll:Cla$DRound 42847C
ClaRUN.dll:Cla$ENABLE 428480,401060
ClaRUN.dll:Cla$EndEventLoop 428484
ClaRUN.dll:Cla$EndEventLoops 428488
ClaRUN.dll:Cla$ERRORCODE 42848C,401068
ClaRUN.dll:Cla$Evaluate 428490,401070
ClaRUN.dll:Cla$EVENT 428494,401078
ClaRUN.dll:Cla$FIELD 428498,401080
ClaRUN.dll:Cla$FILEERRORCODE 42849C,401088
ClaRUN.dll:Cla$FILEERRORMSG 4284A0,401090
ClaRUN.dll:Cla$FileExists 4284A4,401098
ClaRUN.dll:Cla$FILE_ADDf 4284A8
ClaRUN.dll:Cla$FILE_BUFFER 4284AC,4010A0
ClaRUN.dll:Cla$FILE_BUILDf 4284B0,4010A8
ClaRUN.dll:CLA$FILE_CALLBACK 4284B4,4010B0
ClaRUN.dll:Cla$FILE_CLEAR 4284B8
ClaRUN.dll:Cla$FILE_CLOSE 4284BC,4010B8
ClaRUN.dll:Cla$FILE_CREATE 4284C0
ClaRUN.dll:Cla$FILE_DELETE 4284C4,4010C0
ClaRUN.dll:CLA$FILE_DESTROY 4284C8
ClaRUN.dll:Cla$FILE_DUPLICATEk 4284CC,4010C8
ClaRUN.dll:Cla$FILE_FLUSH 4284D0,4010D0
ClaRUN.dll:CLA$FILE_FREESTATE 4284D4,4010D8
ClaRUN.dll:Cla$FILE_GETfk 4284D8
ClaRUN.dll:Cla$FILE_GETfl 4284DC
ClaRUN.dll:Cla$FILE_GETNULLS 4284E0,4010E0
ClaRUN.dll:CLA$FILE_GETSTATE 4284E4,4010E8
ClaRUN.dll:Cla$FILE_GET_PROPERTY 4284E8
ClaRUN.dll:Cla$FILE_NAME 4284EC,4010F0
ClaRUN.dll:Cla$FILE_NEXT 4284F0,4010F8
ClaRUN.dll:Cla$FILE_NOMEMO 4284F4,401100
ClaRUN.dll:Cla$FILE_OPEN 4284F8,401108
ClaRUN.dll:Cla$FILE_POSITIONf 4284FC,401110
ClaRUN.dll:Cla$FILE_POSITIONk 428500,401118
ClaRUN.dll:Cla$FILE_PREV 428504,401120
ClaRUN.dll:Cla$FILE_PUTf 428508
ClaRUN.dll:Cla$FILE_REGETf 42850C,401128
ClaRUN.dll:Cla$FILE_REGETk 428510,401130
ClaRUN.dll:Cla$FILE_RESETf 428514,401138
ClaRUN.dll:Cla$FILE_RESETk 428518,401140
ClaRUN.dll:CLA$FILE_RESTORESTATE 42851C,401148
ClaRUN.dll:Cla$FILE_SEND 428520,401150
ClaRUN.dll:Cla$FILE_SETk 428524,401158
ClaRUN.dll:Cla$FILE_SETkk 428528,401160
ClaRUN.dll:Cla$FILE_SETNULLS 42852C,401168
ClaRUN.dll:Cla$FILE_SET_PROPERTY 428530
ClaRUN.dll:Cla$FILE_WATCH 428534,401170
ClaRUN.dll:Cla$FOCUS 428538,401178
ClaRUN.dll:Cla$FREEqueue 42853C
ClaRUN.dll:Cla$FREEqueuea 428540,401180
ClaRUN.dll:Cla$freestr 428544
ClaRUN.dll:Cla$FreeUfo 428548
ClaRUN.dll:Cla$freewindow 42854C
ClaRUN.dll:Cla$GETINI 428550,401188
ClaRUN.dll:Cla$GETPOSITION 428554,401190
ClaRUN.dll:Cla$GetPropS 428558
ClaRUN.dll:Cla$GETqueuekey 42855C,401198
ClaRUN.dll:Cla$GETqueueptr 428560
ClaRUN.dll:Cla$GETREG 428564,4011A0
ClaRUN.dll:Cla$Group2Ufo 428568
ClaRUN.dll:Cla$HALT 42856C,4011A8
ClaRUN.dll:Cla$HIDE 428570,4011B0
ClaRUN.dll:Cla$init 428574
ClaRUN.dll:Cla$INSTANCE 428578,4011B8
ClaRUN.dll:Cla$IsUfoString 42857C,4011C0
ClaRUN.dll:Cla$KEYCODE 428580,4011C8
ClaRUN.dll:Cla$KEY_GET_PROPERTY 428584
ClaRUN.dll:Cla$LASTFIELD 428588,4011D0
ClaRUN.dll:Cla$LOGOUT 42858C,4011D8
ClaRUN.dll:Cla$longtostr 428590
ClaRUN.dll:Cla$Mem2Ufo 428594
ClaRUN.dll:Cla$MessageBox 428598,4011E0
ClaRUN.dll:Cla$NewMemB 42859C
ClaRUN.dll:Cla$NewMemT 4285A0
ClaRUN.dll:Cla$NEWqueue 4285A4
ClaRUN.dll:Cla$NOTIFICATION 4285A8,4011E8
ClaRUN.dll:Cla$OPENowned 4285AC,4011F0
ClaRUN.dll:Cla$OPENwindow 4285B0,4011F8
ClaRUN.dll:Cla$paopen 4285B4,401200
ClaRUN.dll:Cla$pmopen 4285B8,401208
ClaRUN.dll:Cla$POINTERqueue 4285BC,401210
ClaRUN.dll:Cla$PopAString 4285C0
ClaRUN.dll:Cla$PopBind 4285C4,401218
ClaRUN.dll:Cla$PopCString 4285C8
ClaRUN.dll:Cla$PopReal 4285CC
ClaRUN.dll:Cla$PopString 4285D0
ClaRUN.dll:Cla$PopTemp 4285D4
ClaRUN.dll:Cla$POPUP 4285D8,401220
ClaRUN.dll:Cla$POST 4285DC,401228
ClaRUN.dll:Cla$PRESSKEY 4285E0,401230
ClaRUN.dll:Cla$PushAString 4285E4
ClaRUN.dll:Cla$PushBind 4285E8,401238
ClaRUN.dll:Cla$PushCString 4285EC
ClaRUN.dll:Cla$PushLong 4285F0
ClaRUN.dll:Cla$PushPictLong 4285F4
ClaRUN.dll:Cla$PushString 4285F8
ClaRUN.dll:Cla$PushUfo 4285FC
ClaRUN.dll:Cla$PUTINI 428600,401240
ClaRUN.dll:Cla$PUTqueue 428604
ClaRUN.dll:Cla$PUTqueuekey 428608,401248
ClaRUN.dll:Cla$PUTREG 42860C,401250
ClaRUN.dll:Cla$pwopen 428610,401258
ClaRUN.dll:Cla$realdistinct 428614
ClaRUN.dll:Cla$RECORDSqueue 428618,401260
ClaRUN.dll:Cla$RefAssignAny 42861C
ClaRUN.dll:Cla$REGISTEREVENT 428620,401268
ClaRUN.dll:Cla$REGULAR 428624,401270
ClaRUN.dll:Cla$ROLLBACK 428628,401278
ClaRUN.dll:Cla$rterr 42862C,401280
ClaRUN.dll:Cla$SELECT 428630,401288
ClaRUN.dll:Cla$SETCURSOR 428634,401290
ClaRUN.dll:Cla$SETKEYCODE 428638,401298
ClaRUN.dll:Cla$SETPOSITION 42863C,4012A0
ClaRUN.dll:Cla$SetPropF 428640
ClaRUN.dll:Cla$SetPropS 428644
ClaRUN.dll:Cla$SetPropV 428648
ClaRUN.dll:Cla$SETTARGET 42864C,4012A8
ClaRUN.dll:Cla$SORTqueuekey 428650,4012B0
ClaRUN.dll:Cla$Stack2DStack 428654
ClaRUN.dll:Cla$Stack2Ufo 428658
ClaRUN.dll:Cla$StackCLIP 42865C,4012B8
ClaRUN.dll:Cla$StackCompareN 428660
ClaRUN.dll:Cla$StackCompareNEQ 428664
ClaRUN.dll:Cla$StackCompareR 428668
ClaRUN.dll:Cla$StackConcat 42866C
ClaRUN.dll:Cla$StackConcatR 428670
ClaRUN.dll:Cla$StackDEFORMAT2 428674
ClaRUN.dll:Cla$StackErrstr 428678,4012C0
ClaRUN.dll:Cla$StackHeap 42867C
ClaRUN.dll:Cla$StackINSTRING 428680,4012C8
ClaRUN.dll:Cla$StackLEFT 428684,4012D0
ClaRUN.dll:Cla$StackLen 428688,4012D8
ClaRUN.dll:Cla$StackNUMERIC 42868C,4012E0
ClaRUN.dll:Cla$STACKpop 428690
ClaRUN.dll:Cla$StackRotate 428694
ClaRUN.dll:Cla$StackSUB 428698,4012E8
ClaRUN.dll:Cla$StackUPPER 42869C,4012F0
ClaRUN.dll:Cla$START 4286A0,4012F8
ClaRUN.dll:Cla$START2 4286A4,401300
ClaRUN.dll:Cla$StartEventLoop 4286A8
ClaRUN.dll:Cla$storecstr 4286AC
ClaRUN.dll:Cla$storestr 4286B0
ClaRUN.dll:Cla$String2Ref 4286B4
ClaRUN.dll:Cla$THREAD 4286B8,401308
ClaRUN.dll:Cla$THREAD_FILE 4286BC
ClaRUN.dll:Cla$TODAY 4286C0,401310
ClaRUN.dll:Cla$Ufo2Real 4286C4
ClaRUN.dll:Cla$UfoCompareN 4286C8
ClaRUN.dll:Cla$Ufodistinct 4286CC
ClaRUN.dll:Cla$UNHIDE 4286D0,401318
ClaRUN.dll:Cla$UNREGISTEREVENT 4286D4,401320
ClaRUN.dll:Cla$UPDATE 4286D8,401328
ClaRUN.dll:Cla$VIEW_RESETvf 4286DC,401330
ClaRUN.dll:Cla$VIEW_SETvl 4286E0,401338
ClaRUN.dll:Cla$WHAT 4286E4,401340
ClaRUN.dll:Cla$WHOqueue 4286E8,401348
ClaRUN.dll:Cla$YIELD 4286EC,401350
ClaRUN.dll:NewCriticalSection 4286F0,401358
ClaRUN.dll:THR$GetInstance 4286F4,401360
ClaRUN.dll:VIEWDRIVER 4286F8
ClaRUN.dll:_exit 4286FC,401368
ClaRUN.dll:_free 428700
ClaRUN.dll:_malloc 428704
ClaRUN.dll:__sysinit 428708,401370
ClaRUN.dll:__sysstart 42870C,401378
ClaTPS.dll:TOPSPEED 42871C



Entry Point:   41BF00